Log file created at: 2021/02/18 21:05:23
Running on machine: DESKTOP-R2GNEFI
Log line format: [IWEF]mmdd hh:mm:ss.uuuuuu threadid file:line] msg
I0218 21:05:23.604132 13492 c_interface.cc:127] Logging enabled to .
I0218 21:05:23.606093 13492 c_interface.cc:128] BigARTM version: v0.10.1
I0218 21:05:23.608093 13492 c_interface.cc:271] Pass MasterModelConfig: topic_name_size=0, score_config_size=1, num_processors=0, pwt_name=pwt, nwt_name=nwt, num_document_passes=0, reuse_theta=no, cache_theta=no, opt_for_avx=yes, disk_cache_path= to ArtmCreateMasterModel
I0218 21:05:23.611096 13492 c_interface.cc:274] Creating MasterModel (id=1)...
I0218 21:05:23.614092 13492 collection_parser.cc:771] CollectionParserConfig.num_threads is automatically set to 8
W0218 21:05:23.663096 22920 helpers.cc:231] File already exists: lectures_batches\aaaaaa.batch
W0218 21:05:23.751097 22744 helpers.cc:231] File already exists: lectures_batches\aaaaab.batch
W0218 21:05:23.772096 20260 helpers.cc:231] File already exists: lectures_batches\aaaaac.batch
W0218 21:05:23.802098 16832 helpers.cc:231] File already exists: lectures_batches\aaaaae.batch
W0218 21:05:23.813097 20072 helpers.cc:231] File already exists: lectures_batches\aaaaad.batch
W0218 21:05:23.826097 24564 helpers.cc:231] File already exists: lectures_batches\aaaaaf.batch
W0218 21:05:23.853096 22920 helpers.cc:231] File already exists: lectures_batches\aaaaai.batch
W0218 21:05:23.872097 23392 helpers.cc:231] File already exists: lectures_batches\aaaaah.batch
W0218 21:05:23.896100 24052 helpers.cc:231] File already exists: lectures_batches\aaaaag.batch
W0218 21:05:24.166095 22744 helpers.cc:231] File already exists: lectures_batches\aaaaaj.batch
W0218 21:05:24.213095 22744 helpers.cc:231] File already exists: lectures_batches\aaaaar.batch
W0218 21:05:24.251098 24052 helpers.cc:231] File already exists: lectures_batches\aaaaaq.batch
W0218 21:05:24.480778 20260 helpers.cc:231] File already exists: lectures_batches\aaaaak.batch
W0218 21:05:24.504132 16832 helpers.cc:231] File already exists: lectures_batches\aaaaal.batch
W0218 21:05:24.521134 23392 helpers.cc:231] File already exists: lectures_batches\aaaaap.batch
W0218 21:05:24.544133 22920 helpers.cc:231] File already exists: lectures_batches\aaaaao.batch
W0218 21:05:24.589130 24564 helpers.cc:231] File already exists: lectures_batches\aaaaan.batch
W0218 21:05:24.619140 20072 helpers.cc:231] File already exists: lectures_batches\aaaaam.batch
I0218 21:05:24.682173 13492 c_interface.cc:375] Pass 866f1710-873e-4912-aeda-f179d5ecbfd2 to void (__cdecl artm::core::MasterComponent::*)(class std::basic_string<char,struct std::char_traits<char>,class std::allocator<char> > const & __ptr64) __ptr64
I0218 21:05:24.689368 13492 c_interface.cc:389] Pass GatherDictionaryArgs: dictionary_target_name=866f1710-873e-4912-aeda-f179d5ecbfd2, data_path=lectures_batches, symmetric_cooc_values=0 to void (__cdecl artm::core::MasterComponent::*)(class artm::GatherDictionaryArgs const & __ptr64) __ptr64
I0218 21:05:24.692322 13492 dictionary_operations.cc:265] Found 18 batches in 'lectures_batches' folder
I0218 21:05:25.495035 13492 dictionary_operations.cc:331] Find 26866 unique tokens in 1728 items
I0218 21:05:25.606307 13492 dictionary_operations.cc:611] Dictionary name='866f1710-873e-4912-aeda-f179d5ecbfd2' contains entries: author:539; text:26327; 
I0218 21:05:27.800624 13492 c_interface.cc:271] Pass MasterModelConfig: topic_name_size=31, score_config_size=1, num_processors=0, pwt_name=pwt, nwt_name=nwt, num_document_passes=10, reuse_theta=no, cache_theta=no, opt_for_avx=yes, disk_cache_path= to ArtmCreateMasterModel
I0218 21:05:27.800624 13492 instance.cc:401] MasterModelConfig.processors_count is automatically set to 8
I0218 21:05:27.808348 13492 c_interface.cc:274] Creating MasterModel (id=2)...
I0218 21:05:27.810055  6892 processor.cc:58] Processor thread started
I0218 21:05:27.810055  2280 processor.cc:58] Processor thread started
I0218 21:05:27.810055  8228 processor.cc:58] Processor thread started
I0218 21:05:27.810312 17008 processor.cc:58] Processor thread started
I0218 21:05:27.810055  8500 processor.cc:58] Processor thread started
I0218 21:05:27.810055  9440 processor.cc:58] Processor thread started
I0218 21:05:27.810055  5216 processor.cc:58] Processor thread started
I0218 21:05:27.810055 15388 processor.cc:58] Processor thread started
I0218 21:05:27.877357  2280 processor.cc:74] No data in processing queue, waiting...
I0218 21:05:27.885362  8500 processor.cc:74] No data in processing queue, waiting...
I0218 21:05:27.885362  5216 processor.cc:74] No data in processing queue, waiting...
I0218 21:05:27.885362 17008 processor.cc:74] No data in processing queue, waiting...
I0218 21:05:27.885362  8228 processor.cc:74] No data in processing queue, waiting...
I0218 21:05:27.885362  6892 processor.cc:74] No data in processing queue, waiting...
I0218 21:05:27.885362  9440 processor.cc:74] No data in processing queue, waiting...
I0218 21:05:27.885362 15388 processor.cc:74] No data in processing queue, waiting...
I0218 21:07:25.719744 13492 c_interface.cc:389] Pass MasterModelConfig: topic_name_size=31, score_config_size=2, num_processors=0, pwt_name=pwt, nwt_name=nwt, num_document_passes=10, reuse_theta=no, cache_theta=no, opt_for_avx=yes, disk_cache_path= to void (__cdecl artm::core::MasterComponent::*)(class artm::MasterModelConfig const & __ptr64) __ptr64
I0218 21:07:25.719744 13492 instance.cc:401] MasterModelConfig.processors_count is automatically set to 8
I0218 21:07:25.720708 13492 c_interface.cc:389] Pass MasterModelConfig: topic_name_size=31, score_config_size=3, num_processors=0, pwt_name=pwt, nwt_name=nwt, num_document_passes=10, reuse_theta=no, cache_theta=no, opt_for_avx=yes, disk_cache_path= to void (__cdecl artm::core::MasterComponent::*)(class artm::MasterModelConfig const & __ptr64) __ptr64
I0218 21:07:25.720708 13492 instance.cc:401] MasterModelConfig.processors_count is automatically set to 8
I0218 21:07:25.720708 13492 c_interface.cc:389] Pass MasterModelConfig: topic_name_size=31, score_config_size=3, num_processors=0, pwt_name=pwt, nwt_name=nwt, num_document_passes=10, regularizer=(back_ground_topic_reg:100000), reuse_theta=no, cache_theta=no, opt_for_avx=yes, disk_cache_path= to void (__cdecl artm::core::MasterComponent::*)(class artm::MasterModelConfig const & __ptr64) __ptr64
I0218 21:07:25.720708 13492 instance.cc:401] MasterModelConfig.processors_count is automatically set to 8
I0218 21:07:25.721714 13492 instance.cc:232] Regularizer 'back_ground_topic_reg' was cold-reconfigured
I0218 21:07:25.721714 13492 c_interface.cc:375] Pass pwt to void (__cdecl artm::core::MasterComponent::*)(class std::basic_string<char,struct std::char_traits<char>,class std::allocator<char> > const & __ptr64) __ptr64
I0218 21:07:25.721714 13492 c_interface.cc:375] Pass nwt to void (__cdecl artm::core::MasterComponent::*)(class std::basic_string<char,struct std::char_traits<char>,class std::allocator<char> > const & __ptr64) __ptr64
I0218 21:07:25.721714 13492 c_interface.cc:389] Pass InitializeModelArgs: model_name=pwt, dictionary_name=866f1710-873e-4912-aeda-f179d5ecbfd2, topic_name_size=31, seed=1 to void (__cdecl artm::core::MasterComponent::*)(class artm::InitializeModelArgs const & __ptr64) __ptr64
I0218 21:07:26.124708 13492 master_component.cc:702] InitializeModel() created matrix pwt with 31 topics and 26866 tokens; 
I0218 21:07:26.125711 13492 c_interface.cc:389] Pass InitializeModelArgs: model_name=nwt, dictionary_name=866f1710-873e-4912-aeda-f179d5ecbfd2, topic_name_size=31, seed=1 to void (__cdecl artm::core::MasterComponent::*)(class artm::InitializeModelArgs const & __ptr64) __ptr64
I0218 21:07:26.601748 13492 master_component.cc:702] InitializeModel() created matrix nwt with 31 topics and 26866 tokens; 
I0218 21:07:26.601748 13492 c_interface.cc:231] ArtmCopyRequestedMessage is copying 467 bytes...
I0218 21:15:24.732374 13492 c_interface.cc:231] ArtmCopyRequestedMessage is copying 808 bytes...
I0218 21:21:40.996479 13492 c_interface.cc:231] ArtmCopyRequestedMessage is copying 808 bytes...
I0218 21:21:41.005456 13492 phi_matrix_operations.cc:150] RetrieveExternalTopicModel() with 31 topics, 26866 tokens
I0218 21:21:41.088485 13492 c_interface.cc:231] ArtmCopyRequestedMessage is copying 825341 bytes...
I0218 21:21:41.179453 13492 phi_matrix_operations.cc:150] RetrieveExternalTopicModel() with 31 topics, 26866 tokens
I0218 21:21:41.297485 13492 c_interface.cc:231] ArtmCopyRequestedMessage is copying 717877 bytes...
I0218 21:21:41.348485 13492 c_interface.cc:236] ArtmCopyRequestedObject is copying 3331384 bytes...
I0218 21:21:43.752519 13492 c_interface.cc:231] ArtmCopyRequestedMessage is copying 808 bytes...
I0218 21:22:52.526291 13492 c_interface.cc:231] ArtmCopyRequestedMessage is copying 808 bytes...
I0218 21:23:22.846681 13492 c_interface.cc:231] ArtmCopyRequestedMessage is copying 808 bytes...
I0218 21:23:48.534211 13492 c_interface.cc:389] Pass MasterModelConfig: topic_name_size=31, score_config_size=3, num_processors=0, pwt_name=pwt, nwt_name=nwt, num_document_passes=1, regularizer=(back_ground_topic_reg:100000), reuse_theta=no, cache_theta=no, opt_for_avx=yes, disk_cache_path= to void (__cdecl artm::core::MasterComponent::*)(class artm::MasterModelConfig const & __ptr64) __ptr64
I0218 21:23:48.534211 13492 instance.cc:401] MasterModelConfig.processors_count is automatically set to 8
I0218 21:23:48.534211 13492 instance.cc:232] Regularizer 'back_ground_topic_reg' was cold-reconfigured
I0218 21:23:48.553891 13492 c_interface.cc:389] Pass FitOfflineMasterModelArgs, batch_filename_size=18, batch_weight_size=18, num_collection_passes=1, reset_nwt=yes to void (__cdecl artm::core::MasterComponent::*)(class artm::FitOfflineMasterModelArgs const & __ptr64) __ptr64
I0218 21:23:48.553891 13492 master_component.cc:1461] ProcessBatchesArgs: nwt_target_name=nwt, batch_filename_size=18, batch_size=0, batch_weight_size=18, pwt_source_name=pwt, num_document_passes=1, regularizer=(name:back_ground_topic_reg, tau:100000), reuse_theta=no, opt_for_avx=yes, predict_class_id=, reset_nwt=yes
I0218 21:23:48.601933  2280 processor.cc:81] Processing queue has data, processing started
I0218 21:23:48.601933  8500 processor.cc:81] Processing queue has data, processing started
I0218 21:23:48.601933 17008 processor.cc:81] Processing queue has data, processing started
I0218 21:23:48.603551  5216 processor.cc:81] Processing queue has data, processing started
I0218 21:23:48.605902  9440 processor.cc:81] Processing queue has data, processing started
I0218 21:23:48.605902 15388 processor.cc:81] Processing queue has data, processing started
I0218 21:23:48.606897 17008 processor.cc:158] Processor: start processing batch 8d8e506f-f5af-4a6e-828b-8a2f3889d745 into model nwt
I0218 21:23:48.607894  6892 processor.cc:81] Processing queue has data, processing started
I0218 21:23:48.608378  8228 processor.cc:81] Processing queue has data, processing started
I0218 21:23:48.610895  2280 processor.cc:158] Processor: start processing batch 94e49e87-8c02-402a-8075-2c6e1db75318 into model nwt
I0218 21:23:48.610895  8500 processor.cc:158] Processor: start processing batch 532c887c-8b81-43fd-81ae-6f9cbe8bd98f into model nwt
I0218 21:23:48.610895  5216 processor.cc:158] Processor: start processing batch a3a87210-097b-4a53-89d1-a9ded2408886 into model nwt
I0218 21:23:48.615893 15388 processor.cc:158] Processor: start processing batch bf1c1e2a-296d-44e3-8a0d-d88b38f09d3d into model nwt
I0218 21:23:48.619894  8228 processor.cc:158] Processor: start processing batch 823f99c5-c753-4c65-a2e4-8795281a0ca7 into model nwt
I0218 21:23:48.620893  6892 processor.cc:158] Processor: start processing batch 0e4f9ec5-94a8-417f-814e-7b6540cf4ea9 into model nwt
I0218 21:23:48.624895  9440 processor.cc:158] Processor: start processing batch 390429f4-ad9d-445f-8224-801e5b8fb88a into model nwt
I0218 21:23:48.653894 17008 processor.cc:285] Processor: complete processing batch 8d8e506f-f5af-4a6e-828b-8a2f3889d745 into model nwt
I0218 21:23:48.654894 17008 cuckoo_watch.h:45] 53ms in ProcessBatch(lectures_batches\aaaaaa.batch) [including 5ms in LoadMessage; 0ms in InitializeTheta; 7ms in CreateRegularizerAgents; 1ms in InitializeSparseNdw; 23ms in InferThetaAndUpdateNwtSparse; 14ms in CalculateScore(^^^ItemsProcessedScore^^^); ]
I0218 21:23:48.663892 17008 processor.cc:158] Processor: start processing batch cfe7d874-704f-479c-93d5-0ae3cd5bbc6a into model nwt
I0218 21:23:48.680894  5216 processor.cc:285] Processor: complete processing batch a3a87210-097b-4a53-89d1-a9ded2408886 into model nwt
I0218 21:23:48.682895  5216 cuckoo_watch.h:45] 79ms in ProcessBatch(lectures_batches\aaaaad.batch) [including 8ms in LoadMessage; 0ms in InitializeTheta; 0ms in CreateRegularizerAgents; 3ms in InitializeSparseNdw; 35ms in InferThetaAndUpdateNwtSparse; 30ms in CalculateScore(^^^ItemsProcessedScore^^^); ]
I0218 21:23:48.682895  8500 processor.cc:285] Processor: complete processing batch 532c887c-8b81-43fd-81ae-6f9cbe8bd98f into model nwt
I0218 21:23:48.684895  8500 cuckoo_watch.h:45] 83ms in ProcessBatch(lectures_batches\aaaaac.batch) [including 9ms in LoadMessage; 0ms in InitializeTheta; 0ms in CreateRegularizerAgents; 4ms in InitializeSparseNdw; 35ms in InferThetaAndUpdateNwtSparse; 32ms in CalculateScore(^^^ItemsProcessedScore^^^); ]
I0218 21:23:48.685894  2280 processor.cc:285] Processor: complete processing batch 94e49e87-8c02-402a-8075-2c6e1db75318 into model nwt
I0218 21:23:48.686895  2280 cuckoo_watch.h:45] 85ms in ProcessBatch(lectures_batches\aaaaab.batch) [including 9ms in LoadMessage; 0ms in InitializeTheta; 0ms in CreateRegularizerAgents; 4ms in InitializeSparseNdw; 40ms in InferThetaAndUpdateNwtSparse; 29ms in CalculateScore(^^^ItemsProcessedScore^^^); ]
I0218 21:23:48.687896 15388 processor.cc:285] Processor: complete processing batch bf1c1e2a-296d-44e3-8a0d-d88b38f09d3d into model nwt
I0218 21:23:48.689895 15388 cuckoo_watch.h:45] 84ms in ProcessBatch(lectures_batches\aaaaaf.batch) [including 10ms in LoadMessage; 0ms in InitializeTheta; 0ms in CreateRegularizerAgents; 3ms in InitializeSparseNdw; 35ms in InferThetaAndUpdateNwtSparse; 32ms in CalculateScore(^^^ItemsProcessedScore^^^); ]
I0218 21:23:48.697896  5216 processor.cc:158] Processor: start processing batch 8156dcfc-1bb7-4352-891f-347c4b25ec71 into model nwt
I0218 21:23:48.705893  9440 processor.cc:285] Processor: complete processing batch 390429f4-ad9d-445f-8224-801e5b8fb88a into model nwt
I0218 21:23:48.706893  8228 processor.cc:285] Processor: complete processing batch 823f99c5-c753-4c65-a2e4-8795281a0ca7 into model nwt
I0218 21:23:48.706893  9440 cuckoo_watch.h:45] 101ms in ProcessBatch(lectures_batches\aaaaae.batch) [including 19ms in LoadMessage; 0ms in InitializeTheta; 0ms in CreateRegularizerAgents; 3ms in InitializeSparseNdw; 36ms in InferThetaAndUpdateNwtSparse; 40ms in CalculateScore(^^^ItemsProcessedScore^^^); ]
I0218 21:23:48.707892  8228 cuckoo_watch.h:45] 100ms in ProcessBatch(lectures_batches\aaaaah.batch) [including 11ms in LoadMessage; 0ms in InitializeTheta; 0ms in CreateRegularizerAgents; 4ms in InitializeSparseNdw; 42ms in InferThetaAndUpdateNwtSparse; 39ms in CalculateScore(^^^ItemsProcessedScore^^^); ]
I0218 21:23:48.712893  8500 processor.cc:158] Processor: start processing batch 07a69532-ab9f-4e0a-8056-02094ed255c5 into model nwt
I0218 21:23:48.718892 15388 processor.cc:158] Processor: start processing batch d8cca297-bc56-4940-b6ab-17e826e8f28f into model nwt
I0218 21:23:48.721891  2280 processor.cc:158] Processor: start processing batch 5b474107-65df-4f45-813e-c3bca5076de3 into model nwt
I0218 21:23:48.728891  8228 processor.cc:158] Processor: start processing batch 459d6382-4095-4ae4-95ca-33f65b9e5d94 into model nwt
I0218 21:23:48.731894  9440 processor.cc:158] Processor: start processing batch 95b9d806-fdde-4a47-b8ab-0dd942562379 into model nwt
I0218 21:23:48.745496  6892 processor.cc:285] Processor: complete processing batch 0e4f9ec5-94a8-417f-814e-7b6540cf4ea9 into model nwt
I0218 21:23:48.746497  6892 cuckoo_watch.h:45] 139ms in ProcessBatch(lectures_batches\aaaaag.batch) [including 12ms in LoadMessage; 0ms in InitializeTheta; 0ms in CreateRegularizerAgents; 5ms in InitializeSparseNdw; 69ms in InferThetaAndUpdateNwtSparse; 49ms in CalculateScore(^^^ItemsProcessedScore^^^); ]
I0218 21:23:48.764500 17008 processor.cc:285] Processor: complete processing batch cfe7d874-704f-479c-93d5-0ae3cd5bbc6a into model nwt
I0218 21:23:48.764500  6892 processor.cc:158] Processor: start processing batch 044d1c62-5184-4e2c-963f-2579a047dcd4 into model nwt
I0218 21:23:48.765498 17008 cuckoo_watch.h:45] 110ms in ProcessBatch(lectures_batches\aaaaai.batch) [including 8ms in LoadMessage; 0ms in InitializeTheta; 0ms in CreateRegularizerAgents; 3ms in InitializeSparseNdw; 56ms in InferThetaAndUpdateNwtSparse; 39ms in CalculateScore(^^^ItemsProcessedScore^^^); ]
I0218 21:23:48.771497 17008 processor.cc:158] Processor: start processing batch b3735d1e-0daf-411f-bf63-700d5f94c8e2 into model nwt
I0218 21:23:48.814498 17008 processor.cc:285] Processor: complete processing batch b3735d1e-0daf-411f-bf63-700d5f94c8e2 into model nwt
I0218 21:23:48.815495 17008 cuckoo_watch.h:45] 49ms in ProcessBatch(lectures_batches\aaaaaq.batch) [including 5ms in LoadMessage; 0ms in InitializeTheta; 0ms in CreateRegularizerAgents; 1ms in InitializeSparseNdw; 21ms in InferThetaAndUpdateNwtSparse; 18ms in CalculateScore(^^^ItemsProcessedScore^^^); ]
I0218 21:23:48.817495 17008 processor.cc:158] Processor: start processing batch 0840c78a-8a49-4446-a535-b94dbbf85086 into model nwt
I0218 21:23:48.826495 17008 processor.cc:285] Processor: complete processing batch 0840c78a-8a49-4446-a535-b94dbbf85086 into model nwt
I0218 21:23:48.826495 17008 cuckoo_watch.h:45] 10ms in ProcessBatch(lectures_batches\aaaaar.batch) [including 1ms in LoadMessage; 0ms in InitializeTheta; 0ms in CreateRegularizerAgents; 0ms in InitializeSparseNdw; 4ms in InferThetaAndUpdateNwtSparse; 3ms in CalculateScore(^^^ItemsProcessedScore^^^); ]
I0218 21:23:48.877496  5216 processor.cc:285] Processor: complete processing batch 8156dcfc-1bb7-4352-891f-347c4b25ec71 into model nwt
I0218 21:23:48.879496  5216 cuckoo_watch.h:45] 197ms in ProcessBatch(lectures_batches\aaaaaj.batch) [including 15ms in LoadMessage; 0ms in InitializeTheta; 0ms in CreateRegularizerAgents; 8ms in InitializeSparseNdw; 98ms in InferThetaAndUpdateNwtSparse; 72ms in CalculateScore(^^^ItemsProcessedScore^^^); ]
I0218 21:23:48.953500  8228 processor.cc:285] Processor: complete processing batch 459d6382-4095-4ae4-95ca-33f65b9e5d94 into model nwt
I0218 21:23:48.965646  8228 cuckoo_watch.h:45] 256ms in ProcessBatch(lectures_batches\aaaaao.batch) [including 20ms in LoadMessage; 0ms in InitializeTheta; 0ms in CreateRegularizerAgents; 16ms in InitializeSparseNdw; 110ms in InferThetaAndUpdateNwtSparse; 98ms in CalculateScore(^^^ItemsProcessedScore^^^); ]
I0218 21:23:48.967494  6892 processor.cc:285] Processor: complete processing batch 044d1c62-5184-4e2c-963f-2579a047dcd4 into model nwt
I0218 21:23:48.968493  6892 cuckoo_watch.h:45] 221ms in ProcessBatch(lectures_batches\aaaaap.batch) [including 17ms in LoadMessage; 0ms in InitializeTheta; 0ms in CreateRegularizerAgents; 10ms in InitializeSparseNdw; 90ms in InferThetaAndUpdateNwtSparse; 101ms in CalculateScore(^^^ItemsProcessedScore^^^); ]
I0218 21:23:48.970495  9440 processor.cc:285] Processor: complete processing batch 95b9d806-fdde-4a47-b8ab-0dd942562379 into model nwt
I0218 21:23:48.972496 17008 processor.cc:74] No data in processing queue, waiting...
I0218 21:23:48.976495  9440 cuckoo_watch.h:45] 268ms in ProcessBatch(lectures_batches\aaaaan.batch) [including 24ms in LoadMessage; 0ms in InitializeTheta; 0ms in CreateRegularizerAgents; 13ms in InitializeSparseNdw; 115ms in InferThetaAndUpdateNwtSparse; 109ms in CalculateScore(^^^ItemsProcessedScore^^^); ]
I0218 21:23:49.000494  5216 processor.cc:74] No data in processing queue, waiting...
I0218 21:23:49.013497  2280 processor.cc:285] Processor: complete processing batch 5b474107-65df-4f45-813e-c3bca5076de3 into model nwt
I0218 21:23:49.016497  2280 cuckoo_watch.h:45] 329ms in ProcessBatch(lectures_batches\aaaaal.batch) [including 35ms in LoadMessage; 0ms in InitializeTheta; 0ms in CreateRegularizerAgents; 19ms in InitializeSparseNdw; 130ms in InferThetaAndUpdateNwtSparse; 139ms in CalculateScore(^^^ItemsProcessedScore^^^); ]
I0218 21:23:49.023494  8228 processor.cc:74] No data in processing queue, waiting...
I0218 21:23:49.024498  6892 processor.cc:74] No data in processing queue, waiting...
I0218 21:23:49.028497  8500 processor.cc:285] Processor: complete processing batch 07a69532-ab9f-4e0a-8056-02094ed255c5 into model nwt
I0218 21:23:49.032498  8500 cuckoo_watch.h:45] 347ms in ProcessBatch(lectures_batches\aaaaak.batch) [including 28ms in LoadMessage; 0ms in InitializeTheta; 0ms in CreateRegularizerAgents; 27ms in InitializeSparseNdw; 150ms in InferThetaAndUpdateNwtSparse; 134ms in CalculateScore(^^^ItemsProcessedScore^^^); ]
I0218 21:23:49.033495  9440 processor.cc:74] No data in processing queue, waiting...
I0218 21:23:49.064498 15388 processor.cc:285] Processor: complete processing batch d8cca297-bc56-4940-b6ab-17e826e8f28f into model nwt
I0218 21:23:49.073500 15388 cuckoo_watch.h:45] 383ms in ProcessBatch(lectures_batches\aaaaam.batch) [including 29ms in LoadMessage; 0ms in InitializeTheta; 0ms in CreateRegularizerAgents; 23ms in InitializeSparseNdw; 155ms in InferThetaAndUpdateNwtSparse; 166ms in CalculateScore(^^^ItemsProcessedScore^^^); ]
I0218 21:23:49.076499 13492 master_component.cc:1499] RegularizeModelArgs: rwt_target_name=rwt, pwt_source_name=pwt, nwt_source_name=nwt
I0218 21:23:49.076499 13492 master_component.cc:1016] MasterComponent: start regularizing model pwt
I0218 21:23:49.087497  2280 processor.cc:74] No data in processing queue, waiting...
I0218 21:23:49.116498  8500 processor.cc:74] No data in processing queue, waiting...
I0218 21:23:49.147496 15388 processor.cc:74] No data in processing queue, waiting...
I0218 21:23:49.292042 13492 master_component.cc:1044] MasterComponent: complete regularizing model pwt
I0218 21:23:49.292042 13492 master_component.cc:1512] NormalizeModelArgs: pwt_target_name=pwt, nwt_source_name=nwt, rwt_source_name=rwt
I0218 21:23:49.292042 13492 master_component.cc:1048] MasterComponent: start normalizing model nwt
I0218 21:23:49.429502 13492 master_component.cc:1087] MasterComponent: complete normalizing model nwt
I0218 21:23:49.777051 13492 master_component.cc:1536] DisposeModel rwt
I0218 21:23:49.809084 13492 master_component.cc:1115] FitOffline: ItemsProcessed, num_items=1728, num_batches=18, token_weight=808522, token_weight_in_effect=808522
I0218 21:23:49.809084 13492 c_interface.cc:389] Pass FitOfflineMasterModelArgs, batch_filename_size=18, batch_weight_size=18, num_collection_passes=1, reset_nwt=yes to void (__cdecl artm::core::MasterComponent::*)(class artm::FitOfflineMasterModelArgs const & __ptr64) __ptr64
I0218 21:23:49.810081 13492 master_component.cc:1461] ProcessBatchesArgs: nwt_target_name=nwt, batch_filename_size=18, batch_size=0, batch_weight_size=18, pwt_source_name=pwt, num_document_passes=1, regularizer=(name:back_ground_topic_reg, tau:100000), reuse_theta=no, opt_for_avx=yes, predict_class_id=, reset_nwt=yes
I0218 21:23:49.882091 15388 processor.cc:81] Processing queue has data, processing started
I0218 21:23:49.882091  5216 processor.cc:81] Processing queue has data, processing started
I0218 21:23:49.882091  8500 processor.cc:81] Processing queue has data, processing started
I0218 21:23:49.882091  8228 processor.cc:81] Processing queue has data, processing started
I0218 21:23:49.882091  9440 processor.cc:81] Processing queue has data, processing started
I0218 21:23:49.885040  6892 processor.cc:81] Processing queue has data, processing started
I0218 21:23:49.885040  2280 processor.cc:81] Processing queue has data, processing started
I0218 21:23:49.885040 15388 processor.cc:158] Processor: start processing batch 8d8e506f-f5af-4a6e-828b-8a2f3889d745 into model nwt
I0218 21:23:49.889041  9440 processor.cc:158] Processor: start processing batch 390429f4-ad9d-445f-8224-801e5b8fb88a into model nwt
I0218 21:23:49.890041 17008 processor.cc:81] Processing queue has data, processing started
I0218 21:23:49.890041  8228 processor.cc:158] Processor: start processing batch 532c887c-8b81-43fd-81ae-6f9cbe8bd98f into model nwt
I0218 21:23:49.891042  8500 processor.cc:158] Processor: start processing batch a3a87210-097b-4a53-89d1-a9ded2408886 into model nwt
I0218 21:23:49.895041  5216 processor.cc:158] Processor: start processing batch 94e49e87-8c02-402a-8075-2c6e1db75318 into model nwt
I0218 21:23:49.899042 17008 processor.cc:158] Processor: start processing batch 823f99c5-c753-4c65-a2e4-8795281a0ca7 into model nwt
I0218 21:23:49.902040  2280 processor.cc:158] Processor: start processing batch bf1c1e2a-296d-44e3-8a0d-d88b38f09d3d into model nwt
I0218 21:23:49.902040  6892 processor.cc:158] Processor: start processing batch 0e4f9ec5-94a8-417f-814e-7b6540cf4ea9 into model nwt
I0218 21:23:49.921042 15388 processor.cc:285] Processor: complete processing batch 8d8e506f-f5af-4a6e-828b-8a2f3889d745 into model nwt
I0218 21:23:49.922042 15388 cuckoo_watch.h:45] 40ms in ProcessBatch(lectures_batches\aaaaaa.batch) [including 3ms in LoadMessage; 0ms in InitializeTheta; 0ms in CreateRegularizerAgents; 1ms in InitializeSparseNdw; 21ms in InferThetaAndUpdateNwtSparse; 13ms in CalculateScore(^^^ItemsProcessedScore^^^); ]
I0218 21:23:49.930042 15388 processor.cc:158] Processor: start processing batch cfe7d874-704f-479c-93d5-0ae3cd5bbc6a into model nwt
I0218 21:23:49.957042  5216 processor.cc:285] Processor: complete processing batch 94e49e87-8c02-402a-8075-2c6e1db75318 into model nwt
I0218 21:23:49.959041  5216 cuckoo_watch.h:45] 77ms in ProcessBatch(lectures_batches\aaaaab.batch) [including 12ms in LoadMessage; 0ms in InitializeTheta; 0ms in CreateRegularizerAgents; 3ms in InitializeSparseNdw; 35ms in InferThetaAndUpdateNwtSparse; 24ms in CalculateScore(^^^ItemsProcessedScore^^^); ]
I0218 21:23:49.962041  8500 processor.cc:285] Processor: complete processing batch a3a87210-097b-4a53-89d1-a9ded2408886 into model nwt
I0218 21:23:49.962041  8228 processor.cc:285] Processor: complete processing batch 532c887c-8b81-43fd-81ae-6f9cbe8bd98f into model nwt
I0218 21:23:49.964042  8500 cuckoo_watch.h:45] 81ms in ProcessBatch(lectures_batches\aaaaad.batch) [including 8ms in LoadMessage; 0ms in InitializeTheta; 0ms in CreateRegularizerAgents; 3ms in InitializeSparseNdw; 35ms in InferThetaAndUpdateNwtSparse; 32ms in CalculateScore(^^^ItemsProcessedScore^^^); ]
I0218 21:23:49.964042  8228 cuckoo_watch.h:45] 82ms in ProcessBatch(lectures_batches\aaaaac.batch) [including 8ms in LoadMessage; 0ms in InitializeTheta; 0ms in CreateRegularizerAgents; 3ms in InitializeSparseNdw; 33ms in InferThetaAndUpdateNwtSparse; 34ms in CalculateScore(^^^ItemsProcessedScore^^^); ]
I0218 21:23:49.971040  9440 processor.cc:285] Processor: complete processing batch 390429f4-ad9d-445f-8224-801e5b8fb88a into model nwt
I0218 21:23:49.972091  9440 cuckoo_watch.h:45] 90ms in ProcessBatch(lectures_batches\aaaaae.batch) [including 7ms in LoadMessage; 0ms in InitializeTheta; 0ms in CreateRegularizerAgents; 2ms in InitializeSparseNdw; 44ms in InferThetaAndUpdateNwtSparse; 33ms in CalculateScore(^^^ItemsProcessedScore^^^); ]
I0218 21:23:49.979043  5216 processor.cc:158] Processor: start processing batch 8156dcfc-1bb7-4352-891f-347c4b25ec71 into model nwt
I0218 21:23:49.987040  2280 processor.cc:285] Processor: complete processing batch bf1c1e2a-296d-44e3-8a0d-d88b38f09d3d into model nwt
I0218 21:23:49.987040  8500 processor.cc:158] Processor: start processing batch 07a69532-ab9f-4e0a-8056-02094ed255c5 into model nwt
I0218 21:23:49.989043  2280 cuckoo_watch.h:45] 103ms in ProcessBatch(lectures_batches\aaaaaf.batch) [including 17ms in LoadMessage; 0ms in InitializeTheta; 0ms in CreateRegularizerAgents; 2ms in InitializeSparseNdw; 33ms in InferThetaAndUpdateNwtSparse; 48ms in CalculateScore(^^^ItemsProcessedScore^^^); ]
I0218 21:23:49.991042  8228 processor.cc:158] Processor: start processing batch 5b474107-65df-4f45-813e-c3bca5076de3 into model nwt
I0218 21:23:50.002115 17008 processor.cc:285] Processor: complete processing batch 823f99c5-c753-4c65-a2e4-8795281a0ca7 into model nwt
I0218 21:23:50.002115  9440 processor.cc:158] Processor: start processing batch d8cca297-bc56-4940-b6ab-17e826e8f28f into model nwt
I0218 21:23:50.003041  6892 processor.cc:285] Processor: complete processing batch 0e4f9ec5-94a8-417f-814e-7b6540cf4ea9 into model nwt
I0218 21:23:50.003041 17008 cuckoo_watch.h:45] 113ms in ProcessBatch(lectures_batches\aaaaah.batch) [including 9ms in LoadMessage; 0ms in InitializeTheta; 0ms in CreateRegularizerAgents; 4ms in InitializeSparseNdw; 48ms in InferThetaAndUpdateNwtSparse; 48ms in CalculateScore(^^^ItemsProcessedScore^^^); ]
I0218 21:23:50.004142  6892 cuckoo_watch.h:45] 119ms in ProcessBatch(lectures_batches\aaaaag.batch) [including 17ms in LoadMessage; 0ms in InitializeTheta; 0ms in CreateRegularizerAgents; 3ms in InitializeSparseNdw; 47ms in InferThetaAndUpdateNwtSparse; 48ms in CalculateScore(^^^ItemsProcessedScore^^^); ]
I0218 21:23:50.009042  2280 processor.cc:158] Processor: start processing batch 95b9d806-fdde-4a47-b8ab-0dd942562379 into model nwt
I0218 21:23:50.021206  6892 processor.cc:158] Processor: start processing batch 044d1c62-5184-4e2c-963f-2579a047dcd4 into model nwt
I0218 21:23:50.021206 17008 processor.cc:158] Processor: start processing batch 459d6382-4095-4ae4-95ca-33f65b9e5d94 into model nwt
I0218 21:23:50.029040 15388 processor.cc:285] Processor: complete processing batch cfe7d874-704f-479c-93d5-0ae3cd5bbc6a into model nwt
I0218 21:23:50.030042 15388 cuckoo_watch.h:45] 108ms in ProcessBatch(lectures_batches\aaaaai.batch) [including 7ms in LoadMessage; 0ms in InitializeTheta; 0ms in CreateRegularizerAgents; 20ms in InitializeSparseNdw; 41ms in InferThetaAndUpdateNwtSparse; 36ms in CalculateScore(^^^ItemsProcessedScore^^^); ]
I0218 21:23:50.035043 15388 processor.cc:158] Processor: start processing batch b3735d1e-0daf-411f-bf63-700d5f94c8e2 into model nwt
I0218 21:23:50.080040 15388 processor.cc:285] Processor: complete processing batch b3735d1e-0daf-411f-bf63-700d5f94c8e2 into model nwt
I0218 21:23:50.081043 15388 cuckoo_watch.h:45] 50ms in ProcessBatch(lectures_batches\aaaaaq.batch) [including 4ms in LoadMessage; 0ms in InitializeTheta; 0ms in CreateRegularizerAgents; 1ms in InitializeSparseNdw; 16ms in InferThetaAndUpdateNwtSparse; 26ms in CalculateScore(^^^ItemsProcessedScore^^^); ]
I0218 21:23:50.083041 15388 processor.cc:158] Processor: start processing batch 0840c78a-8a49-4446-a535-b94dbbf85086 into model nwt
I0218 21:23:50.092041 15388 processor.cc:285] Processor: complete processing batch 0840c78a-8a49-4446-a535-b94dbbf85086 into model nwt
I0218 21:23:50.092041 15388 cuckoo_watch.h:45] 11ms in ProcessBatch(lectures_batches\aaaaar.batch) [including 1ms in LoadMessage; 0ms in InitializeTheta; 0ms in CreateRegularizerAgents; 0ms in InitializeSparseNdw; 4ms in InferThetaAndUpdateNwtSparse; 3ms in CalculateScore(^^^ItemsProcessedScore^^^); ]
I0218 21:23:50.145613  5216 processor.cc:285] Processor: complete processing batch 8156dcfc-1bb7-4352-891f-347c4b25ec71 into model nwt
I0218 21:23:50.149842  5216 cuckoo_watch.h:45] 191ms in ProcessBatch(lectures_batches\aaaaaj.batch) [including 20ms in LoadMessage; 0ms in InitializeTheta; 0ms in CreateRegularizerAgents; 8ms in InitializeSparseNdw; 88ms in InferThetaAndUpdateNwtSparse; 68ms in CalculateScore(^^^ItemsProcessedScore^^^); ]
I0218 21:23:50.198858 15388 processor.cc:74] No data in processing queue, waiting...
I0218 21:23:50.203855  6892 processor.cc:285] Processor: complete processing batch 044d1c62-5184-4e2c-963f-2579a047dcd4 into model nwt
I0218 21:23:50.205855  6892 cuckoo_watch.h:45] 201ms in ProcessBatch(lectures_batches\aaaaap.batch) [including 16ms in LoadMessage; 0ms in InitializeTheta; 0ms in CreateRegularizerAgents; 12ms in InitializeSparseNdw; 82ms in InferThetaAndUpdateNwtSparse; 88ms in CalculateScore(^^^ItemsProcessedScore^^^); ]
I0218 21:23:50.217852 17008 processor.cc:285] Processor: complete processing batch 459d6382-4095-4ae4-95ca-33f65b9e5d94 into model nwt
I0218 21:23:50.221853 17008 cuckoo_watch.h:45] 218ms in ProcessBatch(lectures_batches\aaaaao.batch) [including 17ms in LoadMessage; 0ms in InitializeTheta; 0ms in CreateRegularizerAgents; 9ms in InitializeSparseNdw; 106ms in InferThetaAndUpdateNwtSparse; 80ms in CalculateScore(^^^ItemsProcessedScore^^^); ]
I0218 21:23:50.227854  5216 processor.cc:74] No data in processing queue, waiting...
I0218 21:23:50.243856  8500 processor.cc:285] Processor: complete processing batch 07a69532-ab9f-4e0a-8056-02094ed255c5 into model nwt
I0218 21:23:50.245852  8500 cuckoo_watch.h:45] 282ms in ProcessBatch(lectures_batches\aaaaak.batch) [including 23ms in LoadMessage; 0ms in InitializeTheta; 0ms in CreateRegularizerAgents; 16ms in InitializeSparseNdw; 124ms in InferThetaAndUpdateNwtSparse; 114ms in CalculateScore(^^^ItemsProcessedScore^^^); ]
I0218 21:23:50.252854  2280 processor.cc:285] Processor: complete processing batch 95b9d806-fdde-4a47-b8ab-0dd942562379 into model nwt
I0218 21:23:50.258853  2280 cuckoo_watch.h:45] 269ms in ProcessBatch(lectures_batches\aaaaan.batch) [including 20ms in LoadMessage; 0ms in InitializeTheta; 0ms in CreateRegularizerAgents; 19ms in InitializeSparseNdw; 110ms in InferThetaAndUpdateNwtSparse; 112ms in CalculateScore(^^^ItemsProcessedScore^^^); ]
I0218 21:23:50.263940  6892 processor.cc:74] No data in processing queue, waiting...
I0218 21:23:50.265944  8228 processor.cc:285] Processor: complete processing batch 5b474107-65df-4f45-813e-c3bca5076de3 into model nwt
I0218 21:23:50.270977  9440 processor.cc:285] Processor: complete processing batch d8cca297-bc56-4940-b6ab-17e826e8f28f into model nwt
I0218 21:23:50.274976  8228 cuckoo_watch.h:45] 310ms in ProcessBatch(lectures_batches\aaaaal.batch) [including 26ms in LoadMessage; 0ms in InitializeTheta; 0ms in CreateRegularizerAgents; 14ms in InitializeSparseNdw; 117ms in InferThetaAndUpdateNwtSparse; 143ms in CalculateScore(^^^ItemsProcessedScore^^^); ]
I0218 21:23:50.275976  9440 cuckoo_watch.h:45] 303ms in ProcessBatch(lectures_batches\aaaaam.batch) [including 29ms in LoadMessage; 0ms in InitializeTheta; 0ms in CreateRegularizerAgents; 15ms in InitializeSparseNdw; 147ms in InferThetaAndUpdateNwtSparse; 106ms in CalculateScore(^^^ItemsProcessedScore^^^); ]
I0218 21:23:50.281976 13492 master_component.cc:1499] RegularizeModelArgs: rwt_target_name=rwt, pwt_source_name=pwt, nwt_source_name=nwt
I0218 21:23:50.281976 13492 master_component.cc:1016] MasterComponent: start regularizing model pwt
I0218 21:23:50.289983 17008 processor.cc:74] No data in processing queue, waiting...
I0218 21:23:50.316985  8500 processor.cc:74] No data in processing queue, waiting...
I0218 21:23:50.334985  2280 processor.cc:74] No data in processing queue, waiting...
I0218 21:23:50.356953  9440 processor.cc:74] No data in processing queue, waiting...
I0218 21:23:50.356953  8228 processor.cc:74] No data in processing queue, waiting...
I0218 21:23:50.451977 13492 master_component.cc:1044] MasterComponent: complete regularizing model pwt
I0218 21:23:50.451977 13492 master_component.cc:1512] NormalizeModelArgs: pwt_target_name=pwt, nwt_source_name=nwt, rwt_source_name=rwt
I0218 21:23:50.451977 13492 master_component.cc:1048] MasterComponent: start normalizing model nwt
I0218 21:23:50.514983 13492 master_component.cc:1087] MasterComponent: complete normalizing model nwt
I0218 21:23:50.776988 13492 master_component.cc:1536] DisposeModel rwt
I0218 21:23:50.807942 13492 master_component.cc:1115] FitOffline: ItemsProcessed, num_items=1728, num_batches=18, token_weight=808522, token_weight_in_effect=808522
I0218 21:23:50.807942 13492 c_interface.cc:389] Pass FitOfflineMasterModelArgs, batch_filename_size=18, batch_weight_size=18, num_collection_passes=1, reset_nwt=yes to void (__cdecl artm::core::MasterComponent::*)(class artm::FitOfflineMasterModelArgs const & __ptr64) __ptr64
I0218 21:23:50.807942 13492 master_component.cc:1461] ProcessBatchesArgs: nwt_target_name=nwt, batch_filename_size=18, batch_size=0, batch_weight_size=18, pwt_source_name=pwt, num_document_passes=1, regularizer=(name:back_ground_topic_reg, tau:100000), reuse_theta=no, opt_for_avx=yes, predict_class_id=, reset_nwt=yes
I0218 21:23:50.912987 17008 processor.cc:81] Processing queue has data, processing started
I0218 21:23:50.912987  6892 processor.cc:81] Processing queue has data, processing started
I0218 21:23:50.912987  9440 processor.cc:81] Processing queue has data, processing started
I0218 21:23:50.912987  8228 processor.cc:81] Processing queue has data, processing started
I0218 21:23:50.912987  2280 processor.cc:81] Processing queue has data, processing started
I0218 21:23:50.912987  8500 processor.cc:81] Processing queue has data, processing started
I0218 21:23:50.912987 15388 processor.cc:81] Processing queue has data, processing started
I0218 21:23:50.916942  5216 processor.cc:81] Processing queue has data, processing started
I0218 21:23:50.917982  6892 processor.cc:158] Processor: start processing batch 8d8e506f-f5af-4a6e-828b-8a2f3889d745 into model nwt
I0218 21:23:50.920945  9440 processor.cc:158] Processor: start processing batch a3a87210-097b-4a53-89d1-a9ded2408886 into model nwt
I0218 21:23:50.920945  8500 processor.cc:158] Processor: start processing batch 532c887c-8b81-43fd-81ae-6f9cbe8bd98f into model nwt
I0218 21:23:50.920945 17008 processor.cc:158] Processor: start processing batch 94e49e87-8c02-402a-8075-2c6e1db75318 into model nwt
I0218 21:23:50.920945  2280 processor.cc:158] Processor: start processing batch bf1c1e2a-296d-44e3-8a0d-d88b38f09d3d into model nwt
I0218 21:23:50.923943  8228 processor.cc:158] Processor: start processing batch 0e4f9ec5-94a8-417f-814e-7b6540cf4ea9 into model nwt
I0218 21:23:50.928943 15388 processor.cc:158] Processor: start processing batch 390429f4-ad9d-445f-8224-801e5b8fb88a into model nwt
I0218 21:23:50.940944  5216 processor.cc:158] Processor: start processing batch 823f99c5-c753-4c65-a2e4-8795281a0ca7 into model nwt
I0218 21:23:50.950944  6892 processor.cc:285] Processor: complete processing batch 8d8e506f-f5af-4a6e-828b-8a2f3889d745 into model nwt
I0218 21:23:50.951946  6892 cuckoo_watch.h:45] 38ms in ProcessBatch(lectures_batches\aaaaaa.batch) [including 4ms in LoadMessage; 0ms in InitializeTheta; 0ms in CreateRegularizerAgents; 0ms in InitializeSparseNdw; 17ms in InferThetaAndUpdateNwtSparse; 13ms in CalculateScore(^^^ItemsProcessedScore^^^); ]
I0218 21:23:50.959944  6892 processor.cc:158] Processor: start processing batch cfe7d874-704f-479c-93d5-0ae3cd5bbc6a into model nwt
I0218 21:23:50.984993 17008 processor.cc:285] Processor: complete processing batch 94e49e87-8c02-402a-8075-2c6e1db75318 into model nwt
I0218 21:23:50.985994 17008 cuckoo_watch.h:45] 73ms in ProcessBatch(lectures_batches\aaaaab.batch) [including 8ms in LoadMessage; 0ms in InitializeTheta; 0ms in CreateRegularizerAgents; 3ms in InitializeSparseNdw; 33ms in InferThetaAndUpdateNwtSparse; 27ms in CalculateScore(^^^ItemsProcessedScore^^^); ]
I0218 21:23:50.988996  8500 processor.cc:285] Processor: complete processing batch 532c887c-8b81-43fd-81ae-6f9cbe8bd98f into model nwt
I0218 21:23:50.990998  8500 cuckoo_watch.h:45] 77ms in ProcessBatch(lectures_batches\aaaaac.batch) [including 8ms in LoadMessage; 0ms in InitializeTheta; 0ms in CreateRegularizerAgents; 3ms in InitializeSparseNdw; 33ms in InferThetaAndUpdateNwtSparse; 30ms in CalculateScore(^^^ItemsProcessedScore^^^); ]
I0218 21:23:50.991995 15388 processor.cc:285] Processor: complete processing batch 390429f4-ad9d-445f-8224-801e5b8fb88a into model nwt
I0218 21:23:50.992996 15388 cuckoo_watch.h:45] 80ms in ProcessBatch(lectures_batches\aaaaae.batch) [including 15ms in LoadMessage; 0ms in InitializeTheta; 0ms in CreateRegularizerAgents; 4ms in InitializeSparseNdw; 31ms in InferThetaAndUpdateNwtSparse; 26ms in CalculateScore(^^^ItemsProcessedScore^^^); ]
I0218 21:23:51.000994 17008 processor.cc:158] Processor: start processing batch 8156dcfc-1bb7-4352-891f-347c4b25ec71 into model nwt
I0218 21:23:51.017992  9440 processor.cc:285] Processor: complete processing batch a3a87210-097b-4a53-89d1-a9ded2408886 into model nwt
I0218 21:23:51.017992  8500 processor.cc:158] Processor: start processing batch 07a69532-ab9f-4e0a-8056-02094ed255c5 into model nwt
I0218 21:23:51.018993 15388 processor.cc:158] Processor: start processing batch 5b474107-65df-4f45-813e-c3bca5076de3 into model nwt
I0218 21:23:51.018993  9440 cuckoo_watch.h:45] 106ms in ProcessBatch(lectures_batches\aaaaad.batch) [including 7ms in LoadMessage; 0ms in InitializeTheta; 0ms in CreateRegularizerAgents; 3ms in InitializeSparseNdw; 32ms in InferThetaAndUpdateNwtSparse; 61ms in CalculateScore(^^^ItemsProcessedScore^^^); ]
I0218 21:23:51.037997  6892 processor.cc:285] Processor: complete processing batch cfe7d874-704f-479c-93d5-0ae3cd5bbc6a into model nwt
I0218 21:23:51.042995  6892 cuckoo_watch.h:45] 90ms in ProcessBatch(lectures_batches\aaaaai.batch) [including 8ms in LoadMessage; 0ms in InitializeTheta; 0ms in CreateRegularizerAgents; 3ms in InitializeSparseNdw; 38ms in InferThetaAndUpdateNwtSparse; 35ms in CalculateScore(^^^ItemsProcessedScore^^^); ]
I0218 21:23:51.043998  5216 processor.cc:285] Processor: complete processing batch 823f99c5-c753-4c65-a2e4-8795281a0ca7 into model nwt
I0218 21:23:51.045995  9440 processor.cc:158] Processor: start processing batch d8cca297-bc56-4940-b6ab-17e826e8f28f into model nwt
I0218 21:23:51.045995  5216 cuckoo_watch.h:45] 129ms in ProcessBatch(lectures_batches\aaaaah.batch) [including 13ms in LoadMessage; 0ms in InitializeTheta; 0ms in CreateRegularizerAgents; 3ms in InitializeSparseNdw; 47ms in InferThetaAndUpdateNwtSparse; 51ms in CalculateScore(^^^ItemsProcessedScore^^^); ]
I0218 21:23:51.047994  8228 processor.cc:285] Processor: complete processing batch 0e4f9ec5-94a8-417f-814e-7b6540cf4ea9 into model nwt
I0218 21:23:51.049993  8228 cuckoo_watch.h:45] 137ms in ProcessBatch(lectures_batches\aaaaag.batch) [including 11ms in LoadMessage; 0ms in InitializeTheta; 0ms in CreateRegularizerAgents; 4ms in InitializeSparseNdw; 62ms in InferThetaAndUpdateNwtSparse; 56ms in CalculateScore(^^^ItemsProcessedScore^^^); ]
I0218 21:23:51.050993  2280 processor.cc:285] Processor: complete processing batch bf1c1e2a-296d-44e3-8a0d-d88b38f09d3d into model nwt
I0218 21:23:51.051992  2280 cuckoo_watch.h:45] 139ms in ProcessBatch(lectures_batches\aaaaaf.batch) [including 8ms in LoadMessage; 0ms in InitializeTheta; 0ms in CreateRegularizerAgents; 3ms in InitializeSparseNdw; 53ms in InferThetaAndUpdateNwtSparse; 65ms in CalculateScore(^^^ItemsProcessedScore^^^); ]
I0218 21:23:51.056994  2280 processor.cc:158] Processor: start processing batch b3735d1e-0daf-411f-bf63-700d5f94c8e2 into model nwt
I0218 21:23:51.069995  6892 processor.cc:158] Processor: start processing batch 95b9d806-fdde-4a47-b8ab-0dd942562379 into model nwt
I0218 21:23:51.072996  8228 processor.cc:158] Processor: start processing batch 044d1c62-5184-4e2c-963f-2579a047dcd4 into model nwt
I0218 21:23:51.084072  5216 processor.cc:158] Processor: start processing batch 459d6382-4095-4ae4-95ca-33f65b9e5d94 into model nwt
I0218 21:23:51.111073  2280 processor.cc:285] Processor: complete processing batch b3735d1e-0daf-411f-bf63-700d5f94c8e2 into model nwt
I0218 21:23:51.112072  2280 cuckoo_watch.h:45] 60ms in ProcessBatch(lectures_batches\aaaaaq.batch) [including 5ms in LoadMessage; 0ms in InitializeTheta; 0ms in CreateRegularizerAgents; 1ms in InitializeSparseNdw; 24ms in InferThetaAndUpdateNwtSparse; 27ms in CalculateScore(^^^ItemsProcessedScore^^^); ]
I0218 21:23:51.114073  2280 processor.cc:158] Processor: start processing batch 0840c78a-8a49-4446-a535-b94dbbf85086 into model nwt
I0218 21:23:51.122072  2280 processor.cc:285] Processor: complete processing batch 0840c78a-8a49-4446-a535-b94dbbf85086 into model nwt
I0218 21:23:51.122072  2280 cuckoo_watch.h:45] 9ms in ProcessBatch(lectures_batches\aaaaar.batch) [including 1ms in LoadMessage; 0ms in InitializeTheta; 0ms in CreateRegularizerAgents; 0ms in InitializeSparseNdw; 4ms in InferThetaAndUpdateNwtSparse; 3ms in CalculateScore(^^^ItemsProcessedScore^^^); ]
I0218 21:23:51.177073 17008 processor.cc:285] Processor: complete processing batch 8156dcfc-1bb7-4352-891f-347c4b25ec71 into model nwt
I0218 21:23:51.180073 17008 cuckoo_watch.h:45] 193ms in ProcessBatch(lectures_batches\aaaaaj.batch) [including 14ms in LoadMessage; 0ms in InitializeTheta; 0ms in CreateRegularizerAgents; 10ms in InitializeSparseNdw; 99ms in InferThetaAndUpdateNwtSparse; 67ms in CalculateScore(^^^ItemsProcessedScore^^^); ]
I0218 21:23:51.221074  2280 processor.cc:74] No data in processing queue, waiting...
I0218 21:23:51.238147 17008 processor.cc:74] No data in processing queue, waiting...
I0218 21:23:51.268887  5216 processor.cc:285] Processor: complete processing batch 459d6382-4095-4ae4-95ca-33f65b9e5d94 into model nwt
I0218 21:23:51.269886  8228 processor.cc:285] Processor: complete processing batch 044d1c62-5184-4e2c-963f-2579a047dcd4 into model nwt
I0218 21:23:51.271884  5216 cuckoo_watch.h:45] 225ms in ProcessBatch(lectures_batches\aaaaao.batch) [including 38ms in LoadMessage; 0ms in InitializeTheta; 0ms in CreateRegularizerAgents; 11ms in InitializeSparseNdw; 89ms in InferThetaAndUpdateNwtSparse; 84ms in CalculateScore(^^^ItemsProcessedScore^^^); ]
I0218 21:23:51.272887  8228 cuckoo_watch.h:45] 222ms in ProcessBatch(lectures_batches\aaaaap.batch) [including 22ms in LoadMessage; 0ms in InitializeTheta; 0ms in CreateRegularizerAgents; 15ms in InitializeSparseNdw; 92ms in InferThetaAndUpdateNwtSparse; 88ms in CalculateScore(^^^ItemsProcessedScore^^^); ]
I0218 21:23:51.293881 15388 processor.cc:285] Processor: complete processing batch 5b474107-65df-4f45-813e-c3bca5076de3 into model nwt
I0218 21:23:51.297883 15388 cuckoo_watch.h:45] 304ms in ProcessBatch(lectures_batches\aaaaal.batch) [including 25ms in LoadMessage; 0ms in InitializeTheta; 0ms in CreateRegularizerAgents; 16ms in InitializeSparseNdw; 131ms in InferThetaAndUpdateNwtSparse; 126ms in CalculateScore(^^^ItemsProcessedScore^^^); ]
I0218 21:23:51.298934  8500 processor.cc:285] Processor: complete processing batch 07a69532-ab9f-4e0a-8056-02094ed255c5 into model nwt
I0218 21:23:51.301887  8500 cuckoo_watch.h:45] 310ms in ProcessBatch(lectures_batches\aaaaak.batch) [including 27ms in LoadMessage; 0ms in InitializeTheta; 0ms in CreateRegularizerAgents; 17ms in InitializeSparseNdw; 127ms in InferThetaAndUpdateNwtSparse; 134ms in CalculateScore(^^^ItemsProcessedScore^^^); ]
I0218 21:23:51.316884  6892 processor.cc:285] Processor: complete processing batch 95b9d806-fdde-4a47-b8ab-0dd942562379 into model nwt
I0218 21:23:51.319108  6892 cuckoo_watch.h:45] 276ms in ProcessBatch(lectures_batches\aaaaan.batch) [including 27ms in LoadMessage; 0ms in InitializeTheta; 0ms in CreateRegularizerAgents; 18ms in InitializeSparseNdw; 117ms in InferThetaAndUpdateNwtSparse; 109ms in CalculateScore(^^^ItemsProcessedScore^^^); ]
I0218 21:23:51.343917  9440 processor.cc:285] Processor: complete processing batch d8cca297-bc56-4940-b6ab-17e826e8f28f into model nwt
I0218 21:23:51.351037  5216 processor.cc:74] No data in processing queue, waiting...
I0218 21:23:51.351037  8228 processor.cc:74] No data in processing queue, waiting...
I0218 21:23:51.351037  9440 cuckoo_watch.h:45] 332ms in ProcessBatch(lectures_batches\aaaaam.batch) [including 26ms in LoadMessage; 0ms in InitializeTheta; 0ms in CreateRegularizerAgents; 14ms in InitializeSparseNdw; 139ms in InferThetaAndUpdateNwtSparse; 139ms in CalculateScore(^^^ItemsProcessedScore^^^); ]
I0218 21:23:51.355916 13492 master_component.cc:1499] RegularizeModelArgs: rwt_target_name=rwt, pwt_source_name=pwt, nwt_source_name=nwt
I0218 21:23:51.355916 13492 master_component.cc:1016] MasterComponent: start regularizing model pwt
I0218 21:23:51.372925 15388 processor.cc:74] No data in processing queue, waiting...
I0218 21:23:51.372925  8500 processor.cc:74] No data in processing queue, waiting...
I0218 21:23:51.389590  6892 processor.cc:74] No data in processing queue, waiting...
I0218 21:23:51.412587  9440 processor.cc:74] No data in processing queue, waiting...
I0218 21:23:51.600576 13492 master_component.cc:1044] MasterComponent: complete regularizing model pwt
I0218 21:23:51.600576 13492 master_component.cc:1512] NormalizeModelArgs: pwt_target_name=pwt, nwt_source_name=nwt, rwt_source_name=rwt
I0218 21:23:51.600576 13492 master_component.cc:1048] MasterComponent: start normalizing model nwt
I0218 21:23:51.701575 13492 master_component.cc:1087] MasterComponent: complete normalizing model nwt
I0218 21:23:52.022593 13492 master_component.cc:1536] DisposeModel rwt
I0218 21:23:52.053581 13492 master_component.cc:1115] FitOffline: ItemsProcessed, num_items=1728, num_batches=18, token_weight=808522, token_weight_in_effect=808522
I0218 21:23:52.054577 13492 c_interface.cc:389] Pass FitOfflineMasterModelArgs, batch_filename_size=18, batch_weight_size=18, num_collection_passes=1, reset_nwt=yes to void (__cdecl artm::core::MasterComponent::*)(class artm::FitOfflineMasterModelArgs const & __ptr64) __ptr64
I0218 21:23:52.054577 13492 master_component.cc:1461] ProcessBatchesArgs: nwt_target_name=nwt, batch_filename_size=18, batch_size=0, batch_weight_size=18, pwt_source_name=pwt, num_document_passes=1, regularizer=(name:back_ground_topic_reg, tau:100000), reuse_theta=no, opt_for_avx=yes, predict_class_id=, reset_nwt=yes
I0218 21:23:52.156589  9440 processor.cc:81] Processing queue has data, processing started
