I0218 21:24:20.933024  8500 processor.cc:285] Processor: complete processing batch 823f99c5-c753-4c65-a2e4-8795281a0ca7 into model nwt
I0218 21:24:20.935025  8500 cuckoo_watch.h:45] 98ms in ProcessBatch(lectures_batches\aaaaah.batch) [including 7ms in LoadMessage; 0ms in InitializeTheta; 0ms in CreateRegularizerAgents; 6ms in InitializeSparseNdw; 49ms in InferThetaAndUpdateNwtSparse; 34ms in CalculateScore(^^^ItemsProcessedScore^^^); ]
I0218 21:24:20.951027  8228 processor.cc:285] Processor: complete processing batch 0e4f9ec5-94a8-417f-814e-7b6540cf4ea9 into model nwt
I0218 21:24:20.952028  8500 processor.cc:158] Processor: start processing batch 459d6382-4095-4ae4-95ca-33f65b9e5d94 into model nwt
I0218 21:24:20.953027  8228 cuckoo_watch.h:45] 118ms in ProcessBatch(lectures_batches\aaaaag.batch) [including 8ms in LoadMessage; 0ms in InitializeTheta; 0ms in CreateRegularizerAgents; 4ms in InitializeSparseNdw; 49ms in InferThetaAndUpdateNwtSparse; 53ms in CalculateScore(^^^ItemsProcessedScore^^^); ]
I0218 21:24:20.959026 15388 processor.cc:158] Processor: start processing batch 95b9d806-fdde-4a47-b8ab-0dd942562379 into model nwt
I0218 21:24:20.977033  8228 processor.cc:158] Processor: start processing batch 044d1c62-5184-4e2c-963f-2579a047dcd4 into model nwt
I0218 21:24:20.978263  5216 processor.cc:285] Processor: complete processing batch cfe7d874-704f-479c-93d5-0ae3cd5bbc6a into model nwt
I0218 21:24:20.979025  5216 cuckoo_watch.h:45] 112ms in ProcessBatch(lectures_batches\aaaaai.batch) [including 6ms in LoadMessage; 0ms in InitializeTheta; 0ms in CreateRegularizerAgents; 3ms in InitializeSparseNdw; 55ms in InferThetaAndUpdateNwtSparse; 46ms in CalculateScore(^^^ItemsProcessedScore^^^); ]
I0218 21:24:20.982024  5216 processor.cc:158] Processor: start processing batch b3735d1e-0daf-411f-bf63-700d5f94c8e2 into model nwt
I0218 21:24:21.027025  9440 processor.cc:285] Processor: complete processing batch 8156dcfc-1bb7-4352-891f-347c4b25ec71 into model nwt
I0218 21:24:21.029026  9440 cuckoo_watch.h:45] 143ms in ProcessBatch(lectures_batches\aaaaaj.batch) [including 12ms in LoadMessage; 0ms in InitializeTheta; 0ms in CreateRegularizerAgents; 5ms in InitializeSparseNdw; 64ms in InferThetaAndUpdateNwtSparse; 58ms in CalculateScore(^^^ItemsProcessedScore^^^); ]
I0218 21:24:21.030025  9440 processor.cc:158] Processor: start processing batch 0840c78a-8a49-4446-a535-b94dbbf85086 into model nwt
I0218 21:24:21.032027  5216 processor.cc:285] Processor: complete processing batch b3735d1e-0daf-411f-bf63-700d5f94c8e2 into model nwt
I0218 21:24:21.034025  5216 cuckoo_watch.h:45] 54ms in ProcessBatch(lectures_batches\aaaaaq.batch) [including 3ms in LoadMessage; 0ms in InitializeTheta; 0ms in CreateRegularizerAgents; 1ms in InitializeSparseNdw; 28ms in InferThetaAndUpdateNwtSparse; 18ms in CalculateScore(^^^ItemsProcessedScore^^^); ]
I0218 21:24:21.037029  9440 processor.cc:285] Processor: complete processing batch 0840c78a-8a49-4446-a535-b94dbbf85086 into model nwt
I0218 21:24:21.037029  9440 cuckoo_watch.h:45] 8ms in ProcessBatch(lectures_batches\aaaaar.batch) [including 1ms in LoadMessage; 0ms in InitializeTheta; 0ms in CreateRegularizerAgents; 0ms in InitializeSparseNdw; 3ms in InferThetaAndUpdateNwtSparse; 2ms in CalculateScore(^^^ItemsProcessedScore^^^); ]
I0218 21:24:21.098026  9440 processor.cc:74] No data in processing queue, waiting...
I0218 21:24:21.113026  5216 processor.cc:74] No data in processing queue, waiting...
I0218 21:24:21.137027  6892 processor.cc:285] Processor: complete processing batch 07a69532-ab9f-4e0a-8056-02094ed255c5 into model nwt
I0218 21:24:21.140092  6892 cuckoo_watch.h:45] 247ms in ProcessBatch(lectures_batches\aaaaak.batch) [including 18ms in LoadMessage; 0ms in InitializeTheta; 0ms in CreateRegularizerAgents; 15ms in InitializeSparseNdw; 111ms in InferThetaAndUpdateNwtSparse; 99ms in CalculateScore(^^^ItemsProcessedScore^^^); ]
I0218 21:24:21.148025  2280 processor.cc:285] Processor: complete processing batch 5b474107-65df-4f45-813e-c3bca5076de3 into model nwt
I0218 21:24:21.148025  8228 processor.cc:285] Processor: complete processing batch 044d1c62-5184-4e2c-963f-2579a047dcd4 into model nwt
I0218 21:24:21.149025 17008 processor.cc:285] Processor: complete processing batch d8cca297-bc56-4940-b6ab-17e826e8f28f into model nwt
I0218 21:24:21.150027  2280 cuckoo_watch.h:45] 253ms in ProcessBatch(lectures_batches\aaaaal.batch) [including 19ms in LoadMessage; 0ms in InitializeTheta; 0ms in CreateRegularizerAgents; 12ms in InitializeSparseNdw; 113ms in InferThetaAndUpdateNwtSparse; 104ms in CalculateScore(^^^ItemsProcessedScore^^^); ]
I0218 21:24:21.151026  8228 cuckoo_watch.h:45] 197ms in ProcessBatch(lectures_batches\aaaaap.batch) [including 24ms in LoadMessage; 0ms in InitializeTheta; 0ms in CreateRegularizerAgents; 13ms in InitializeSparseNdw; 85ms in InferThetaAndUpdateNwtSparse; 71ms in CalculateScore(^^^ItemsProcessedScore^^^); ]
I0218 21:24:21.152025 17008 cuckoo_watch.h:45] 255ms in ProcessBatch(lectures_batches\aaaaam.batch) [including 22ms in LoadMessage; 0ms in InitializeTheta; 0ms in CreateRegularizerAgents; 12ms in InitializeSparseNdw; 105ms in InferThetaAndUpdateNwtSparse; 111ms in CalculateScore(^^^ItemsProcessedScore^^^); ]
I0218 21:24:21.164024  8500 processor.cc:285] Processor: complete processing batch 459d6382-4095-4ae4-95ca-33f65b9e5d94 into model nwt
I0218 21:24:21.166637  8500 cuckoo_watch.h:45] 231ms in ProcessBatch(lectures_batches\aaaaao.batch) [including 17ms in LoadMessage; 0ms in InitializeTheta; 0ms in CreateRegularizerAgents; 10ms in InitializeSparseNdw; 107ms in InferThetaAndUpdateNwtSparse; 94ms in CalculateScore(^^^ItemsProcessedScore^^^); ]
I0218 21:24:21.189026 15388 processor.cc:285] Processor: complete processing batch 95b9d806-fdde-4a47-b8ab-0dd942562379 into model nwt
I0218 21:24:21.192025 15388 cuckoo_watch.h:45] 273ms in ProcessBatch(lectures_batches\aaaaan.batch) [including 40ms in LoadMessage; 0ms in InitializeTheta; 0ms in CreateRegularizerAgents; 11ms in InitializeSparseNdw; 120ms in InferThetaAndUpdateNwtSparse; 97ms in CalculateScore(^^^ItemsProcessedScore^^^); ]
I0218 21:24:21.197026 13492 master_component.cc:1499] RegularizeModelArgs: rwt_target_name=rwt, pwt_source_name=pwt, nwt_source_name=nwt
I0218 21:24:21.197026 13492 master_component.cc:1016] MasterComponent: start regularizing model pwt
I0218 21:24:21.201026  6892 processor.cc:74] No data in processing queue, waiting...
I0218 21:24:21.208025  2280 processor.cc:74] No data in processing queue, waiting...
I0218 21:24:21.211024  8228 processor.cc:74] No data in processing queue, waiting...
I0218 21:24:21.211024 17008 processor.cc:74] No data in processing queue, waiting...
I0218 21:24:21.220031  8500 processor.cc:74] No data in processing queue, waiting...
I0218 21:24:21.241070 15388 processor.cc:74] No data in processing queue, waiting...
I0218 21:24:21.434610 13492 master_component.cc:1044] MasterComponent: complete regularizing model pwt
I0218 21:24:21.434610 13492 master_component.cc:1512] NormalizeModelArgs: pwt_target_name=pwt, nwt_source_name=nwt, rwt_source_name=rwt
I0218 21:24:21.434610 13492 master_component.cc:1048] MasterComponent: start normalizing model nwt
I0218 21:24:21.611618 13492 master_component.cc:1087] MasterComponent: complete normalizing model nwt
I0218 21:24:21.967615 13492 master_component.cc:1536] DisposeModel rwt
I0218 21:24:21.998616 13492 master_component.cc:1115] FitOffline: ItemsProcessed, num_items=1728, num_batches=18, token_weight=808522, token_weight_in_effect=808522
I0218 21:28:52.213160 13492 c_interface.cc:271] Pass MasterModelConfig: topic_name_size=0, score_config_size=1, num_processors=0, pwt_name=pwt, nwt_name=nwt, num_document_passes=0, reuse_theta=no, cache_theta=no, opt_for_avx=yes, disk_cache_path= to ArtmCreateMasterModel
I0218 21:28:52.213160 13492 c_interface.cc:274] Creating MasterModel (id=3)...
I0218 21:28:52.216158 13492 collection_parser.cc:771] CollectionParserConfig.num_threads is automatically set to 8
W0218 21:28:52.266765 12004 helpers.cc:231] File already exists: lectures_batches\aaaaaa.batch
W0218 21:28:52.321768 23212 helpers.cc:231] File already exists: lectures_batches\aaaaab.batch
W0218 21:28:52.366884 11500 helpers.cc:231] File already exists: lectures_batches\aaaaae.batch
W0218 21:28:52.376883  3208 helpers.cc:231] File already exists: lectures_batches\aaaaac.batch
W0218 21:28:52.389883 10712 helpers.cc:231] File already exists: lectures_batches\aaaaad.batch
W0218 21:28:52.400883 14876 helpers.cc:231] File already exists: lectures_batches\aaaaaf.batch
W0218 21:28:52.438884 15736 helpers.cc:231] File already exists: lectures_batches\aaaaah.batch
W0218 21:28:52.447880 12004 helpers.cc:231] File already exists: lectures_batches\aaaaai.batch
W0218 21:28:52.470883 15824 helpers.cc:231] File already exists: lectures_batches\aaaaag.batch
W0218 21:28:52.626513 23212 helpers.cc:231] File already exists: lectures_batches\aaaaaj.batch
W0218 21:28:52.666514 23212 helpers.cc:231] File already exists: lectures_batches\aaaaar.batch
W0218 21:28:52.725512 15824 helpers.cc:231] File already exists: lectures_batches\aaaaaq.batch
W0218 21:28:52.967674 11500 helpers.cc:231] File already exists: lectures_batches\aaaaak.batch
W0218 21:28:52.998839  3208 helpers.cc:231] File already exists: lectures_batches\aaaaal.batch
W0218 21:28:53.020673 15736 helpers.cc:231] File already exists: lectures_batches\aaaaao.batch
W0218 21:28:53.039677 12004 helpers.cc:231] File already exists: lectures_batches\aaaaap.batch
W0218 21:28:53.052927 14876 helpers.cc:231] File already exists: lectures_batches\aaaaan.batch
W0218 21:28:53.077210 10712 helpers.cc:231] File already exists: lectures_batches\aaaaam.batch
I0218 21:28:53.124214 13492 c_interface.cc:375] Pass 1d55e866-811f-4496-8baa-52370b656df3 to void (__cdecl artm::core::MasterComponent::*)(class std::basic_string<char,struct std::char_traits<char>,class std::allocator<char> > const & __ptr64) __ptr64
I0218 21:28:53.124214 13492 c_interface.cc:389] Pass GatherDictionaryArgs: dictionary_target_name=1d55e866-811f-4496-8baa-52370b656df3, data_path=lectures_batches, symmetric_cooc_values=0 to void (__cdecl artm::core::MasterComponent::*)(class artm::GatherDictionaryArgs const & __ptr64) __ptr64
I0218 21:28:53.128211 13492 dictionary_operations.cc:265] Found 18 batches in 'lectures_batches' folder
I0218 21:28:53.987442 13492 dictionary_operations.cc:331] Find 26866 unique tokens in 1728 items
I0218 21:28:54.139626 13492 dictionary_operations.cc:611] Dictionary name='1d55e866-811f-4496-8baa-52370b656df3' contains entries: author:539; text:26327; 
I0218 21:28:56.171859 13492 c_interface.cc:271] Pass MasterModelConfig: topic_name_size=30, score_config_size=1, num_processors=0, pwt_name=pwt, nwt_name=nwt, num_document_passes=10, reuse_theta=no, cache_theta=no, opt_for_avx=yes, disk_cache_path= to ArtmCreateMasterModel
I0218 21:28:56.171859 13492 instance.cc:401] MasterModelConfig.processors_count is automatically set to 8
I0218 21:28:56.172823  3308 processor.cc:58] Processor thread started
I0218 21:28:56.172823 13492 c_interface.cc:274] Creating MasterModel (id=4)...
I0218 21:28:56.172823  7908 processor.cc:58] Processor thread started
I0218 21:28:56.173362  6644 processor.cc:58] Processor thread started
I0218 21:28:56.173362  7676 processor.cc:58] Processor thread started
I0218 21:28:56.173362 12700 processor.cc:58] Processor thread started
I0218 21:28:56.173883 19652 processor.cc:58] Processor thread started
I0218 21:28:56.173883  5732 processor.cc:58] Processor thread started
I0218 21:28:56.173883 17128 processor.cc:58] Processor thread started
I0218 21:28:56.238584 12700 processor.cc:74] No data in processing queue, waiting...
I0218 21:28:56.238584  7676 processor.cc:74] No data in processing queue, waiting...
I0218 21:28:56.238584 19652 processor.cc:74] No data in processing queue, waiting...
I0218 21:28:56.238584  5732 processor.cc:74] No data in processing queue, waiting...
I0218 21:28:56.238584  7908 processor.cc:74] No data in processing queue, waiting...
I0218 21:28:56.238584 17128 processor.cc:74] No data in processing queue, waiting...
I0218 21:28:56.238584  6644 processor.cc:74] No data in processing queue, waiting...
I0218 21:28:56.238584  3308 processor.cc:74] No data in processing queue, waiting...
I0218 21:29:31.928877 13492 c_interface.cc:389] Pass MasterModelConfig: topic_name_size=30, score_config_size=2, num_processors=0, pwt_name=pwt, nwt_name=nwt, num_document_passes=10, reuse_theta=no, cache_theta=no, opt_for_avx=yes, disk_cache_path= to void (__cdecl artm::core::MasterComponent::*)(class artm::MasterModelConfig const & __ptr64) __ptr64
I0218 21:29:31.928877 13492 instance.cc:401] MasterModelConfig.processors_count is automatically set to 8
I0218 21:29:31.928877 13492 c_interface.cc:389] Pass MasterModelConfig: topic_name_size=30, score_config_size=3, num_processors=0, pwt_name=pwt, nwt_name=nwt, num_document_passes=10, reuse_theta=no, cache_theta=no, opt_for_avx=yes, disk_cache_path= to void (__cdecl artm::core::MasterComponent::*)(class artm::MasterModelConfig const & __ptr64) __ptr64
I0218 21:29:31.928877 13492 instance.cc:401] MasterModelConfig.processors_count is automatically set to 8
I0218 21:29:31.930038 13492 c_interface.cc:389] Pass MasterModelConfig: topic_name_size=30, score_config_size=3, num_processors=0, pwt_name=pwt, nwt_name=nwt, num_document_passes=10, regularizer=(back_ground_topic_reg:100000), reuse_theta=no, cache_theta=no, opt_for_avx=yes, disk_cache_path= to void (__cdecl artm::core::MasterComponent::*)(class artm::MasterModelConfig const & __ptr64) __ptr64
I0218 21:29:31.930038 13492 instance.cc:401] MasterModelConfig.processors_count is automatically set to 8
I0218 21:29:31.930038 13492 instance.cc:232] Regularizer 'back_ground_topic_reg' was cold-reconfigured
I0218 21:29:31.930444 13492 c_interface.cc:375] Pass pwt to void (__cdecl artm::core::MasterComponent::*)(class std::basic_string<char,struct std::char_traits<char>,class std::allocator<char> > const & __ptr64) __ptr64
I0218 21:29:31.930444 13492 c_interface.cc:375] Pass nwt to void (__cdecl artm::core::MasterComponent::*)(class std::basic_string<char,struct std::char_traits<char>,class std::allocator<char> > const & __ptr64) __ptr64
I0218 21:29:31.930841 13492 c_interface.cc:389] Pass InitializeModelArgs: model_name=pwt, dictionary_name=1d55e866-811f-4496-8baa-52370b656df3, topic_name_size=30, seed=1 to void (__cdecl artm::core::MasterComponent::*)(class artm::InitializeModelArgs const & __ptr64) __ptr64
I0218 21:29:32.283442 13492 master_component.cc:702] InitializeModel() created matrix pwt with 30 topics and 26866 tokens; 
I0218 21:29:32.283442 13492 c_interface.cc:389] Pass InitializeModelArgs: model_name=nwt, dictionary_name=1d55e866-811f-4496-8baa-52370b656df3, topic_name_size=30, seed=1 to void (__cdecl artm::core::MasterComponent::*)(class artm::InitializeModelArgs const & __ptr64) __ptr64
I0218 21:29:32.763487 13492 master_component.cc:702] InitializeModel() created matrix nwt with 30 topics and 26866 tokens; 
I0218 21:29:32.764487 13492 c_interface.cc:231] ArtmCopyRequestedMessage is copying 460 bytes...
I0218 21:29:35.102329 13492 c_interface.cc:389] Pass MasterModelConfig: topic_name_size=30, score_config_size=3, num_processors=0, pwt_name=pwt, nwt_name=nwt, num_document_passes=1, regularizer=(back_ground_topic_reg:100000), reuse_theta=no, cache_theta=no, opt_for_avx=yes, disk_cache_path= to void (__cdecl artm::core::MasterComponent::*)(class artm::MasterModelConfig const & __ptr64) __ptr64
I0218 21:29:35.102329 13492 instance.cc:401] MasterModelConfig.processors_count is automatically set to 8
I0218 21:29:35.102329 13492 instance.cc:232] Regularizer 'back_ground_topic_reg' was cold-reconfigured
I0218 21:29:35.103293 13492 c_interface.cc:389] Pass FitOfflineMasterModelArgs, batch_filename_size=18, batch_weight_size=18, num_collection_passes=1, reset_nwt=yes to void (__cdecl artm::core::MasterComponent::*)(class artm::FitOfflineMasterModelArgs const & __ptr64) __ptr64
I0218 21:29:35.103293 13492 master_component.cc:1461] ProcessBatchesArgs: nwt_target_name=nwt, batch_filename_size=18, batch_size=0, batch_weight_size=18, pwt_source_name=pwt, num_document_passes=1, regularizer=(name:back_ground_topic_reg, tau:100000), reuse_theta=no, opt_for_avx=yes, predict_class_id=, reset_nwt=yes
I0218 21:29:35.133571  7908 processor.cc:81] Processing queue has data, processing started
I0218 21:29:35.135452  7908 processor.cc:158] Processor: start processing batch 8430e74e-5107-48f1-8c33-1c90e404d664 into model nwt
I0218 21:29:35.137411  5732 processor.cc:81] Processing queue has data, processing started
I0218 21:29:35.137411 19652 processor.cc:81] Processing queue has data, processing started
I0218 21:29:35.137411  7676 processor.cc:81] Processing queue has data, processing started
I0218 21:29:35.137411  6644 processor.cc:81] Processing queue has data, processing started
I0218 21:29:35.137411 17128 processor.cc:81] Processing queue has data, processing started
I0218 21:29:35.141412  5732 processor.cc:158] Processor: start processing batch 6dc1935e-a219-43ee-8266-9e51cb1ef5d1 into model nwt
I0218 21:29:35.142412 17128 processor.cc:158] Processor: start processing batch 08f895e3-ed89-4715-a37c-f0025c1abf0c into model nwt
I0218 21:29:35.142412  7676 processor.cc:158] Processor: start processing batch 0731f616-ed7e-4805-8ee5-5fa73f961506 into model nwt
I0218 21:29:35.142412 19652 processor.cc:158] Processor: start processing batch 68be2099-bcff-49dd-9e51-cb8977d7d933 into model nwt
I0218 21:29:35.137411 12700 processor.cc:81] Processing queue has data, processing started
I0218 21:29:35.147414  3308 processor.cc:81] Processing queue has data, processing started
I0218 21:29:35.147414  6644 processor.cc:158] Processor: start processing batch 5ee99325-247b-4e60-95b1-cb4e4c7ce231 into model nwt
I0218 21:29:35.153411  3308 processor.cc:158] Processor: start processing batch a0098ae1-fcc5-41bb-b79d-07163e099f56 into model nwt
I0218 21:29:35.155411 12700 processor.cc:158] Processor: start processing batch 00bd29b2-18e4-427b-91b3-dab10c42e519 into model nwt
I0218 21:29:35.160413  7908 processor.cc:285] Processor: complete processing batch 8430e74e-5107-48f1-8c33-1c90e404d664 into model nwt
I0218 21:29:35.160413  7908 cuckoo_watch.h:45] 27ms in ProcessBatch(lectures_batches\aaaaaa.batch) [including 2ms in LoadMessage; 0ms in InitializeTheta; 0ms in CreateRegularizerAgents; 0ms in InitializeSparseNdw; 14ms in InferThetaAndUpdateNwtSparse; 8ms in CalculateScore(^^^ItemsProcessedScore^^^); ]
I0218 21:29:35.165412  7908 processor.cc:158] Processor: start processing batch d927b6d1-072f-4830-b64a-247320a78cbb into model nwt
I0218 21:29:35.187414  5732 processor.cc:285] Processor: complete processing batch 6dc1935e-a219-43ee-8266-9e51cb1ef5d1 into model nwt
I0218 21:29:35.189414  5732 cuckoo_watch.h:45] 52ms in ProcessBatch(lectures_batches\aaaaab.batch) [including 4ms in LoadMessage; 0ms in InitializeTheta; 0ms in CreateRegularizerAgents; 2ms in InitializeSparseNdw; 20ms in InferThetaAndUpdateNwtSparse; 23ms in CalculateScore(^^^ItemsProcessedScore^^^); ]
I0218 21:29:35.193414 17128 processor.cc:285] Processor: complete processing batch 08f895e3-ed89-4715-a37c-f0025c1abf0c into model nwt
I0218 21:29:35.195415 17128 cuckoo_watch.h:45] 58ms in ProcessBatch(lectures_batches\aaaaad.batch) [including 5ms in LoadMessage; 0ms in InitializeTheta; 0ms in CreateRegularizerAgents; 2ms in InitializeSparseNdw; 21ms in InferThetaAndUpdateNwtSparse; 27ms in CalculateScore(^^^ItemsProcessedScore^^^); ]
I0218 21:29:35.203413  5732 processor.cc:158] Processor: start processing batch 3112671c-35c0-4362-96eb-2d31b96ce6f1 into model nwt
I0218 21:29:35.203413  6644 processor.cc:285] Processor: complete processing batch 5ee99325-247b-4e60-95b1-cb4e4c7ce231 into model nwt
I0218 21:29:35.205413  6644 cuckoo_watch.h:45] 64ms in ProcessBatch(lectures_batches\aaaaaf.batch) [including 6ms in LoadMessage; 0ms in InitializeTheta; 0ms in CreateRegularizerAgents; 2ms in InitializeSparseNdw; 22ms in InferThetaAndUpdateNwtSparse; 30ms in CalculateScore(^^^ItemsProcessedScore^^^); ]
I0218 21:29:35.211417 19652 processor.cc:285] Processor: complete processing batch 68be2099-bcff-49dd-9e51-cb8977d7d933 into model nwt
I0218 21:29:35.213414 19652 cuckoo_watch.h:45] 76ms in ProcessBatch(lectures_batches\aaaaac.batch) [including 5ms in LoadMessage; 0ms in InitializeTheta; 0ms in CreateRegularizerAgents; 2ms in InitializeSparseNdw; 30ms in InferThetaAndUpdateNwtSparse; 36ms in CalculateScore(^^^ItemsProcessedScore^^^); ]
I0218 21:29:35.219965 17128 processor.cc:158] Processor: start processing batch 839f3d3c-dede-4ec4-84d5-178d8798246a into model nwt
I0218 21:29:35.221982  7676 processor.cc:285] Processor: complete processing batch 0731f616-ed7e-4805-8ee5-5fa73f961506 into model nwt
I0218 21:29:35.222980  7676 cuckoo_watch.h:45] 86ms in ProcessBatch(lectures_batches\aaaaae.batch) [including 5ms in LoadMessage; 0ms in InitializeTheta; 0ms in CreateRegularizerAgents; 1ms in InitializeSparseNdw; 43ms in InferThetaAndUpdateNwtSparse; 33ms in CalculateScore(^^^ItemsProcessedScore^^^); ]
I0218 21:29:35.232981  7908 processor.cc:285] Processor: complete processing batch d927b6d1-072f-4830-b64a-247320a78cbb into model nwt
I0218 21:29:35.234097  6644 processor.cc:158] Processor: start processing batch 62724c45-2226-400f-bfaf-e4350d10f3ef into model nwt
I0218 21:29:35.234097  7908 cuckoo_watch.h:45] 73ms in ProcessBatch(lectures_batches\aaaaai.batch) [including 5ms in LoadMessage; 0ms in InitializeTheta; 0ms in CreateRegularizerAgents; 2ms in InitializeSparseNdw; 31ms in InferThetaAndUpdateNwtSparse; 32ms in CalculateScore(^^^ItemsProcessedScore^^^); ]
I0218 21:29:35.244982 19652 processor.cc:158] Processor: start processing batch 50229bd5-e639-4c31-ad04-43e86b993355 into model nwt
I0218 21:29:35.250983  7676 processor.cc:158] Processor: start processing batch 6c129db2-c17c-4da4-b663-915bdd64cfb9 into model nwt
I0218 21:29:35.254981  7908 processor.cc:158] Processor: start processing batch 53a178eb-65d7-4fc8-9b38-088497377b96 into model nwt
I0218 21:29:35.264484  3308 processor.cc:285] Processor: complete processing batch a0098ae1-fcc5-41bb-b79d-07163e099f56 into model nwt
I0218 21:29:35.265980  3308 cuckoo_watch.h:45] 118ms in ProcessBatch(lectures_batches\aaaaah.batch) [including 6ms in LoadMessage; 0ms in InitializeTheta; 0ms in CreateRegularizerAgents; 2ms in InitializeSparseNdw; 42ms in InferThetaAndUpdateNwtSparse; 65ms in CalculateScore(^^^ItemsProcessedScore^^^); ]
I0218 21:29:35.283982 12700 processor.cc:285] Processor: complete processing batch 00bd29b2-18e4-427b-91b3-dab10c42e519 into model nwt
I0218 21:29:35.285981 12700 cuckoo_watch.h:45] 139ms in ProcessBatch(lectures_batches\aaaaag.batch) [including 8ms in LoadMessage; 0ms in InitializeTheta; 0ms in CreateRegularizerAgents; 3ms in InitializeSparseNdw; 44ms in InferThetaAndUpdateNwtSparse; 81ms in CalculateScore(^^^ItemsProcessedScore^^^); ]
I0218 21:29:35.286981  3308 processor.cc:158] Processor: start processing batch 16e6c315-476c-4cd4-9b7a-c7c417da389f into model nwt
I0218 21:29:35.291981 12700 processor.cc:158] Processor: start processing batch a094f37c-cf08-4435-8eca-35fc1def8742 into model nwt
I0218 21:29:35.344981 12700 processor.cc:285] Processor: complete processing batch a094f37c-cf08-4435-8eca-35fc1def8742 into model nwt
I0218 21:29:35.346084 12700 cuckoo_watch.h:45] 59ms in ProcessBatch(lectures_batches\aaaaaq.batch) [including 5ms in LoadMessage; 0ms in InitializeTheta; 0ms in CreateRegularizerAgents; 1ms in InitializeSparseNdw; 26ms in InferThetaAndUpdateNwtSparse; 24ms in CalculateScore(^^^ItemsProcessedScore^^^); ]
I0218 21:29:35.346980 12700 processor.cc:158] Processor: start processing batch 6725da6f-9d8e-4f91-a072-12a4f27f9ae0 into model nwt
I0218 21:29:35.353981  5732 processor.cc:285] Processor: complete processing batch 3112671c-35c0-4362-96eb-2d31b96ce6f1 into model nwt
I0218 21:29:35.355980 12700 processor.cc:285] Processor: complete processing batch 6725da6f-9d8e-4f91-a072-12a4f27f9ae0 into model nwt
I0218 21:29:35.355980 12700 cuckoo_watch.h:45] 10ms in ProcessBatch(lectures_batches\aaaaar.batch) [including 1ms in LoadMessage; 0ms in InitializeTheta; 0ms in CreateRegularizerAgents; 0ms in InitializeSparseNdw; 4ms in InferThetaAndUpdateNwtSparse; 3ms in CalculateScore(^^^ItemsProcessedScore^^^); ]
I0218 21:29:35.355980  5732 cuckoo_watch.h:45] 166ms in ProcessBatch(lectures_batches\aaaaaj.batch) [including 13ms in LoadMessage; 0ms in InitializeTheta; 0ms in CreateRegularizerAgents; 7ms in InitializeSparseNdw; 71ms in InferThetaAndUpdateNwtSparse; 70ms in CalculateScore(^^^ItemsProcessedScore^^^); ]
I0218 21:29:35.406986  5732 processor.cc:74] No data in processing queue, waiting...
I0218 21:29:35.438983 12700 processor.cc:74] No data in processing queue, waiting...
I0218 21:29:35.442982  7908 processor.cc:285] Processor: complete processing batch 53a178eb-65d7-4fc8-9b38-088497377b96 into model nwt
I0218 21:29:35.444978  7908 cuckoo_watch.h:45] 211ms in ProcessBatch(lectures_batches\aaaaao.batch) [including 20ms in LoadMessage; 0ms in InitializeTheta; 0ms in CreateRegularizerAgents; 10ms in InitializeSparseNdw; 93ms in InferThetaAndUpdateNwtSparse; 84ms in CalculateScore(^^^ItemsProcessedScore^^^); ]
I0218 21:29:35.482985 17128 processor.cc:285] Processor: complete processing batch 839f3d3c-dede-4ec4-84d5-178d8798246a into model nwt
I0218 21:29:35.486981 17128 cuckoo_watch.h:45] 291ms in ProcessBatch(lectures_batches\aaaaak.batch) [including 24ms in LoadMessage; 0ms in InitializeTheta; 0ms in CreateRegularizerAgents; 18ms in InitializeSparseNdw; 133ms in InferThetaAndUpdateNwtSparse; 111ms in CalculateScore(^^^ItemsProcessedScore^^^); ]
I0218 21:29:35.489981  3308 processor.cc:285] Processor: complete processing batch 16e6c315-476c-4cd4-9b7a-c7c417da389f into model nwt
I0218 21:29:35.491981  3308 cuckoo_watch.h:45] 226ms in ProcessBatch(lectures_batches\aaaaap.batch) [including 21ms in LoadMessage; 0ms in InitializeTheta; 0ms in CreateRegularizerAgents; 17ms in InitializeSparseNdw; 92ms in InferThetaAndUpdateNwtSparse; 91ms in CalculateScore(^^^ItemsProcessedScore^^^); ]
I0218 21:29:35.503983  7676 processor.cc:285] Processor: complete processing batch 6c129db2-c17c-4da4-b663-915bdd64cfb9 into model nwt
I0218 21:29:35.508982  7676 cuckoo_watch.h:45] 285ms in ProcessBatch(lectures_batches\aaaaan.batch) [including 27ms in LoadMessage; 0ms in InitializeTheta; 0ms in CreateRegularizerAgents; 14ms in InitializeSparseNdw; 138ms in InferThetaAndUpdateNwtSparse; 99ms in CalculateScore(^^^ItemsProcessedScore^^^); ]
I0218 21:29:35.511984  6644 processor.cc:285] Processor: complete processing batch 62724c45-2226-400f-bfaf-e4350d10f3ef into model nwt
I0218 21:29:35.515982  6644 cuckoo_watch.h:45] 310ms in ProcessBatch(lectures_batches\aaaaal.batch) [including 28ms in LoadMessage; 0ms in InitializeTheta; 0ms in CreateRegularizerAgents; 17ms in InitializeSparseNdw; 130ms in InferThetaAndUpdateNwtSparse; 129ms in CalculateScore(^^^ItemsProcessedScore^^^); ]
I0218 21:29:35.528982  7908 processor.cc:74] No data in processing queue, waiting...
I0218 21:29:35.552981 19652 processor.cc:285] Processor: complete processing batch 50229bd5-e639-4c31-ad04-43e86b993355 into model nwt
I0218 21:29:35.560014 17128 processor.cc:74] No data in processing queue, waiting...
I0218 21:29:35.561015 19652 cuckoo_watch.h:45] 346ms in ProcessBatch(lectures_batches\aaaaam.batch) [including 31ms in LoadMessage; 0ms in InitializeTheta; 0ms in CreateRegularizerAgents; 21ms in InitializeSparseNdw; 163ms in InferThetaAndUpdateNwtSparse; 121ms in CalculateScore(^^^ItemsProcessedScore^^^); ]
I0218 21:29:35.561015  3308 processor.cc:74] No data in processing queue, waiting...
I0218 21:29:35.561015 13492 master_component.cc:1499] RegularizeModelArgs: rwt_target_name=rwt, pwt_source_name=pwt, nwt_source_name=nwt
I0218 21:29:35.561015 13492 master_component.cc:1016] MasterComponent: start regularizing model pwt
I0218 21:29:35.583987  7676 processor.cc:74] No data in processing queue, waiting...
I0218 21:29:35.585988  6644 processor.cc:74] No data in processing queue, waiting...
I0218 21:29:35.647989 19652 processor.cc:74] No data in processing queue, waiting...
I0218 21:29:35.686980 13492 master_component.cc:1044] MasterComponent: complete regularizing model pwt
I0218 21:29:35.686980 13492 master_component.cc:1512] NormalizeModelArgs: pwt_target_name=pwt, nwt_source_name=nwt, rwt_source_name=rwt
I0218 21:29:35.686980 13492 master_component.cc:1048] MasterComponent: start normalizing model nwt
I0218 21:29:35.741983 13492 master_component.cc:1087] MasterComponent: complete normalizing model nwt
I0218 21:29:35.973982 13492 master_component.cc:1536] DisposeModel rwt
I0218 21:29:36.000988 13492 master_component.cc:1115] FitOffline: ItemsProcessed, num_items=1728, num_batches=18, token_weight=808522, token_weight_in_effect=808522
I0218 21:29:36.002094 13492 c_interface.cc:389] Pass FitOfflineMasterModelArgs, batch_filename_size=18, batch_weight_size=18, num_collection_passes=1, reset_nwt=yes to void (__cdecl artm::core::MasterComponent::*)(class artm::FitOfflineMasterModelArgs const & __ptr64) __ptr64
I0218 21:29:36.002094 13492 master_component.cc:1461] ProcessBatchesArgs: nwt_target_name=nwt, batch_filename_size=18, batch_size=0, batch_weight_size=18, pwt_source_name=pwt, num_document_passes=1, regularizer=(name:back_ground_topic_reg, tau:100000), reuse_theta=no, opt_for_avx=yes, predict_class_id=, reset_nwt=yes
I0218 21:29:36.061870 17128 processor.cc:81] Processing queue has data, processing started
I0218 21:29:36.061870  5732 processor.cc:81] Processing queue has data, processing started
I0218 21:29:36.061870  3308 processor.cc:81] Processing queue has data, processing started
I0218 21:29:36.062873  6644 processor.cc:81] Processing queue has data, processing started
I0218 21:29:36.062873 19652 processor.cc:81] Processing queue has data, processing started
I0218 21:29:36.066159  7908 processor.cc:81] Processing queue has data, processing started
I0218 21:29:36.067868  5732 processor.cc:158] Processor: start processing batch 6dc1935e-a219-43ee-8266-9e51cb1ef5d1 into model nwt
I0218 21:29:36.068871  6644 processor.cc:158] Processor: start processing batch 08f895e3-ed89-4715-a37c-f0025c1abf0c into model nwt
I0218 21:29:36.068871 17128 processor.cc:158] Processor: start processing batch 68be2099-bcff-49dd-9e51-cb8977d7d933 into model nwt
I0218 21:29:36.068871 19652 processor.cc:158] Processor: start processing batch 0731f616-ed7e-4805-8ee5-5fa73f961506 into model nwt
I0218 21:29:36.072871  7908 processor.cc:158] Processor: start processing batch 5ee99325-247b-4e60-95b1-cb4e4c7ce231 into model nwt
I0218 21:29:36.074870  3308 processor.cc:158] Processor: start processing batch 8430e74e-5107-48f1-8c33-1c90e404d664 into model nwt
I0218 21:29:36.079872  7676 processor.cc:81] Processing queue has data, processing started
I0218 21:29:36.083875 12700 processor.cc:81] Processing queue has data, processing started
I0218 21:29:36.096871  7676 processor.cc:158] Processor: start processing batch 00bd29b2-18e4-427b-91b3-dab10c42e519 into model nwt
I0218 21:29:36.097872 12700 processor.cc:158] Processor: start processing batch a0098ae1-fcc5-41bb-b79d-07163e099f56 into model nwt
I0218 21:29:36.128870  3308 processor.cc:285] Processor: complete processing batch 8430e74e-5107-48f1-8c33-1c90e404d664 into model nwt
I0218 21:29:36.129871  3308 cuckoo_watch.h:45] 68ms in ProcessBatch(lectures_batches\aaaaaa.batch) [including 13ms in LoadMessage; 0ms in InitializeTheta; 0ms in CreateRegularizerAgents; 1ms in InitializeSparseNdw; 16ms in InferThetaAndUpdateNwtSparse; 36ms in CalculateScore(^^^ItemsProcessedScore^^^); ]
I0218 21:29:36.129871  5732 processor.cc:285] Processor: complete processing batch 6dc1935e-a219-43ee-8266-9e51cb1ef5d1 into model nwt
I0218 21:29:36.131870  5732 cuckoo_watch.h:45] 70ms in ProcessBatch(lectures_batches\aaaaab.batch) [including 6ms in LoadMessage; 0ms in InitializeTheta; 0ms in CreateRegularizerAgents; 2ms in InitializeSparseNdw; 28ms in InferThetaAndUpdateNwtSparse; 31ms in CalculateScore(^^^ItemsProcessedScore^^^); ]
I0218 21:29:36.135870  6644 processor.cc:285] Processor: complete processing batch 08f895e3-ed89-4715-a37c-f0025c1abf0c into model nwt
I0218 21:29:36.135870  3308 processor.cc:158] Processor: start processing batch d927b6d1-072f-4830-b64a-247320a78cbb into model nwt
I0218 21:29:36.136871  6644 cuckoo_watch.h:45] 74ms in ProcessBatch(lectures_batches\aaaaad.batch) [including 6ms in LoadMessage; 0ms in InitializeTheta; 0ms in CreateRegularizerAgents; 2ms in InitializeSparseNdw; 33ms in InferThetaAndUpdateNwtSparse; 30ms in CalculateScore(^^^ItemsProcessedScore^^^); ]
I0218 21:29:36.140092 17128 processor.cc:285] Processor: complete processing batch 68be2099-bcff-49dd-9e51-cb8977d7d933 into model nwt
I0218 21:29:36.141871 17128 cuckoo_watch.h:45] 79ms in ProcessBatch(lectures_batches\aaaaac.batch) [including 7ms in LoadMessage; 0ms in InitializeTheta; 0ms in CreateRegularizerAgents; 2ms in InitializeSparseNdw; 31ms in InferThetaAndUpdateNwtSparse; 36ms in CalculateScore(^^^ItemsProcessedScore^^^); ]
I0218 21:29:36.142872  7908 processor.cc:285] Processor: complete processing batch 5ee99325-247b-4e60-95b1-cb4e4c7ce231 into model nwt
I0218 21:29:36.143869  7908 cuckoo_watch.h:45] 77ms in ProcessBatch(lectures_batches\aaaaaf.batch) [including 6ms in LoadMessage; 0ms in InitializeTheta; 0ms in CreateRegularizerAgents; 3ms in InitializeSparseNdw; 35ms in InferThetaAndUpdateNwtSparse; 31ms in CalculateScore(^^^ItemsProcessedScore^^^); ]
I0218 21:29:36.146872 19652 processor.cc:285] Processor: complete processing batch 0731f616-ed7e-4805-8ee5-5fa73f961506 into model nwt
I0218 21:29:36.147871  5732 processor.cc:158] Processor: start processing batch 3112671c-35c0-4362-96eb-2d31b96ce6f1 into model nwt
I0218 21:29:36.147871 19652 cuckoo_watch.h:45] 85ms in ProcessBatch(lectures_batches\aaaaae.batch) [including 6ms in LoadMessage; 0ms in InitializeTheta; 0ms in CreateRegularizerAgents; 2ms in InitializeSparseNdw; 31ms in InferThetaAndUpdateNwtSparse; 43ms in CalculateScore(^^^ItemsProcessedScore^^^); ]
I0218 21:29:36.161440  6644 processor.cc:158] Processor: start processing batch 839f3d3c-dede-4ec4-84d5-178d8798246a into model nwt
I0218 21:29:36.166438 17128 processor.cc:158] Processor: start processing batch 62724c45-2226-400f-bfaf-e4350d10f3ef into model nwt
I0218 21:29:36.170439  7908 processor.cc:158] Processor: start processing batch 50229bd5-e639-4c31-ad04-43e86b993355 into model nwt
I0218 21:29:36.170439 19652 processor.cc:158] Processor: start processing batch 6c129db2-c17c-4da4-b663-915bdd64cfb9 into model nwt
I0218 21:29:36.213438 12700 processor.cc:285] Processor: complete processing batch a0098ae1-fcc5-41bb-b79d-07163e099f56 into model nwt
I0218 21:29:36.215438 12700 cuckoo_watch.h:45] 131ms in ProcessBatch(lectures_batches\aaaaah.batch) [including 14ms in LoadMessage; 0ms in InitializeTheta; 0ms in CreateRegularizerAgents; 4ms in InitializeSparseNdw; 61ms in InferThetaAndUpdateNwtSparse; 49ms in CalculateScore(^^^ItemsProcessedScore^^^); ]
I0218 21:29:36.216706  3308 processor.cc:285] Processor: complete processing batch d927b6d1-072f-4830-b64a-247320a78cbb into model nwt
I0218 21:29:36.217437  3308 cuckoo_watch.h:45] 87ms in ProcessBatch(lectures_batches\aaaaai.batch) [including 6ms in LoadMessage; 0ms in InitializeTheta; 0ms in CreateRegularizerAgents; 2ms in InitializeSparseNdw; 41ms in InferThetaAndUpdateNwtSparse; 35ms in CalculateScore(^^^ItemsProcessedScore^^^); ]
I0218 21:29:36.233438  7676 processor.cc:285] Processor: complete processing batch 00bd29b2-18e4-427b-91b3-dab10c42e519 into model nwt
I0218 21:29:36.235440  7676 cuckoo_watch.h:45] 156ms in ProcessBatch(lectures_batches\aaaaag.batch) [including 17ms in LoadMessage; 0ms in InitializeTheta; 0ms in CreateRegularizerAgents; 5ms in InitializeSparseNdw; 52ms in InferThetaAndUpdateNwtSparse; 78ms in CalculateScore(^^^ItemsProcessedScore^^^); ]
I0218 21:29:36.241439 12700 processor.cc:158] Processor: start processing batch 53a178eb-65d7-4fc8-9b38-088497377b96 into model nwt
I0218 21:29:36.242439  7676 processor.cc:158] Processor: start processing batch a094f37c-cf08-4435-8eca-35fc1def8742 into model nwt
I0218 21:29:36.252439  3308 processor.cc:158] Processor: start processing batch 16e6c315-476c-4cd4-9b7a-c7c417da389f into model nwt
I0218 21:29:36.295439  7676 processor.cc:285] Processor: complete processing batch a094f37c-cf08-4435-8eca-35fc1def8742 into model nwt
I0218 21:29:36.296437  7676 cuckoo_watch.h:45] 60ms in ProcessBatch(lectures_batches\aaaaaq.batch) [including 6ms in LoadMessage; 0ms in InitializeTheta; 0ms in CreateRegularizerAgents; 1ms in InitializeSparseNdw; 29ms in InferThetaAndUpdateNwtSparse; 21ms in CalculateScore(^^^ItemsProcessedScore^^^); ]
I0218 21:29:36.298439  7676 processor.cc:158] Processor: start processing batch 6725da6f-9d8e-4f91-a072-12a4f27f9ae0 into model nwt
I0218 21:29:36.299438  5732 processor.cc:285] Processor: complete processing batch 3112671c-35c0-4362-96eb-2d31b96ce6f1 into model nwt
I0218 21:29:36.301438  5732 cuckoo_watch.h:45] 170ms in ProcessBatch(lectures_batches\aaaaaj.batch) [including 16ms in LoadMessage; 0ms in InitializeTheta; 0ms in CreateRegularizerAgents; 8ms in InitializeSparseNdw; 73ms in InferThetaAndUpdateNwtSparse; 69ms in CalculateScore(^^^ItemsProcessedScore^^^); ]
I0218 21:29:36.306439  7676 processor.cc:285] Processor: complete processing batch 6725da6f-9d8e-4f91-a072-12a4f27f9ae0 into model nwt
I0218 21:29:36.307440  7676 cuckoo_watch.h:45] 10ms in ProcessBatch(lectures_batches\aaaaar.batch) [including 1ms in LoadMessage; 0ms in InitializeTheta; 0ms in CreateRegularizerAgents; 0ms in InitializeSparseNdw; 4ms in InferThetaAndUpdateNwtSparse; 3ms in CalculateScore(^^^ItemsProcessedScore^^^); ]
I0218 21:29:36.371492  5732 processor.cc:74] No data in processing queue, waiting...
I0218 21:29:36.374491  7676 processor.cc:74] No data in processing queue, waiting...
I0218 21:29:36.425493 17128 processor.cc:285] Processor: complete processing batch 62724c45-2226-400f-bfaf-e4350d10f3ef into model nwt
I0218 21:29:36.429499 17128 cuckoo_watch.h:45] 287ms in ProcessBatch(lectures_batches\aaaaal.batch) [including 24ms in LoadMessage; 0ms in InitializeTheta; 0ms in CreateRegularizerAgents; 16ms in InitializeSparseNdw; 128ms in InferThetaAndUpdateNwtSparse; 114ms in CalculateScore(^^^ItemsProcessedScore^^^); ]
I0218 21:29:36.436492  6644 processor.cc:285] Processor: complete processing batch 839f3d3c-dede-4ec4-84d5-178d8798246a into model nwt
I0218 21:29:36.440495  6644 cuckoo_watch.h:45] 303ms in ProcessBatch(lectures_batches\aaaaak.batch) [including 23ms in LoadMessage; 0ms in InitializeTheta; 0ms in CreateRegularizerAgents; 15ms in InitializeSparseNdw; 131ms in InferThetaAndUpdateNwtSparse; 127ms in CalculateScore(^^^ItemsProcessedScore^^^); ]
I0218 21:29:36.441493 12700 processor.cc:285] Processor: complete processing batch 53a178eb-65d7-4fc8-9b38-088497377b96 into model nwt
I0218 21:29:36.444736 19652 processor.cc:285] Processor: complete processing batch 6c129db2-c17c-4da4-b663-915bdd64cfb9 into model nwt
I0218 21:29:36.444736 12700 cuckoo_watch.h:45] 229ms in ProcessBatch(lectures_batches\aaaaao.batch) [including 26ms in LoadMessage; 0ms in InitializeTheta; 0ms in CreateRegularizerAgents; 11ms in InitializeSparseNdw; 95ms in InferThetaAndUpdateNwtSparse; 93ms in CalculateScore(^^^ItemsProcessedScore^^^); ]
I0218 21:29:36.446491 19652 cuckoo_watch.h:45] 298ms in ProcessBatch(lectures_batches\aaaaan.batch) [including 22ms in LoadMessage; 0ms in InitializeTheta; 0ms in CreateRegularizerAgents; 15ms in InitializeSparseNdw; 148ms in InferThetaAndUpdateNwtSparse; 109ms in CalculateScore(^^^ItemsProcessedScore^^^); ]
I0218 21:29:36.454493  3308 processor.cc:285] Processor: complete processing batch 16e6c315-476c-4cd4-9b7a-c7c417da389f into model nwt
I0218 21:29:36.456490  3308 cuckoo_watch.h:45] 239ms in ProcessBatch(lectures_batches\aaaaap.batch) [including 34ms in LoadMessage; 0ms in InitializeTheta; 0ms in CreateRegularizerAgents; 33ms in InitializeSparseNdw; 89ms in InferThetaAndUpdateNwtSparse; 78ms in CalculateScore(^^^ItemsProcessedScore^^^); ]
I0218 21:29:36.466490  7908 processor.cc:285] Processor: complete processing batch 50229bd5-e639-4c31-ad04-43e86b993355 into model nwt
I0218 21:29:36.471493  7908 cuckoo_watch.h:45] 327ms in ProcessBatch(lectures_batches\aaaaam.batch) [including 26ms in LoadMessage; 0ms in InitializeTheta; 0ms in CreateRegularizerAgents; 19ms in InitializeSparseNdw; 131ms in InferThetaAndUpdateNwtSparse; 145ms in CalculateScore(^^^ItemsProcessedScore^^^); ]
I0218 21:29:36.474490 13492 master_component.cc:1499] RegularizeModelArgs: rwt_target_name=rwt, pwt_source_name=pwt, nwt_source_name=nwt
I0218 21:29:36.474490 13492 master_component.cc:1016] MasterComponent: start regularizing model pwt
I0218 21:29:36.495499 17128 processor.cc:74] No data in processing queue, waiting...
I0218 21:29:36.506496  6644 processor.cc:74] No data in processing queue, waiting...
I0218 21:29:36.510499 12700 processor.cc:74] No data in processing queue, waiting...
I0218 21:29:36.514495 19652 processor.cc:74] No data in processing queue, waiting...
I0218 21:29:36.525496  3308 processor.cc:74] No data in processing queue, waiting...
I0218 21:29:36.529495  7908 processor.cc:74] No data in processing queue, waiting...
I0218 21:29:36.601497 13492 master_component.cc:1044] MasterComponent: complete regularizing model pwt
I0218 21:29:36.601497 13492 master_component.cc:1512] NormalizeModelArgs: pwt_target_name=pwt, nwt_source_name=nwt, rwt_source_name=rwt
I0218 21:29:36.601497 13492 master_component.cc:1048] MasterComponent: start normalizing model nwt
I0218 21:29:36.690501 13492 master_component.cc:1087] MasterComponent: complete normalizing model nwt
I0218 21:29:36.947535 13492 master_component.cc:1536] DisposeModel rwt
I0218 21:29:36.963536 13492 master_component.cc:1115] FitOffline: ItemsProcessed, num_items=1728, num_batches=18, token_weight=808522, token_weight_in_effect=808522
I0218 21:29:36.964537 13492 c_interface.cc:389] Pass FitOfflineMasterModelArgs, batch_filename_size=18, batch_weight_size=18, num_collection_passes=1, reset_nwt=yes to void (__cdecl artm::core::MasterComponent::*)(class artm::FitOfflineMasterModelArgs const & __ptr64) __ptr64
I0218 21:29:36.964537 13492 master_component.cc:1461] ProcessBatchesArgs: nwt_target_name=nwt, batch_filename_size=18, batch_size=0, batch_weight_size=18, pwt_source_name=pwt, num_document_passes=1, regularizer=(name:back_ground_topic_reg, tau:100000), reuse_theta=no, opt_for_avx=yes, predict_class_id=, reset_nwt=yes
I0218 21:29:36.993538 12700 processor.cc:81] Processing queue has data, processing started
I0218 21:29:36.995501 12700 processor.cc:158] Processor: start processing batch 8430e74e-5107-48f1-8c33-1c90e404d664 into model nwt
I0218 21:29:36.996500  6644 processor.cc:81] Processing queue has data, processing started
I0218 21:29:36.996500  3308 processor.cc:81] Processing queue has data, processing started
I0218 21:29:36.996500  7676 processor.cc:81] Processing queue has data, processing started
I0218 21:29:36.996500 19652 processor.cc:81] Processing queue has data, processing started
I0218 21:29:36.999502  7908 processor.cc:81] Processing queue has data, processing started
I0218 21:29:37.000494  5732 processor.cc:81] Processing queue has data, processing started
I0218 21:29:37.002492 17128 processor.cc:81] Processing queue has data, processing started
I0218 21:29:37.004492  3308 processor.cc:158] Processor: start processing batch 6dc1935e-a219-43ee-8266-9e51cb1ef5d1 into model nwt
I0218 21:29:37.004492 19652 processor.cc:158] Processor: start processing batch 0731f616-ed7e-4805-8ee5-5fa73f961506 into model nwt
I0218 21:29:37.004492  6644 processor.cc:158] Processor: start processing batch 68be2099-bcff-49dd-9e51-cb8977d7d933 into model nwt
I0218 21:29:37.004492  7676 processor.cc:158] Processor: start processing batch 08f895e3-ed89-4715-a37c-f0025c1abf0c into model nwt
I0218 21:29:37.011492 17128 processor.cc:158] Processor: start processing batch a0098ae1-fcc5-41bb-b79d-07163e099f56 into model nwt
I0218 21:29:37.011492  5732 processor.cc:158] Processor: start processing batch 00bd29b2-18e4-427b-91b3-dab10c42e519 into model nwt
I0218 21:29:37.013491  7908 processor.cc:158] Processor: start processing batch 5ee99325-247b-4e60-95b1-cb4e4c7ce231 into model nwt
I0218 21:29:37.029492 12700 processor.cc:285] Processor: complete processing batch 8430e74e-5107-48f1-8c33-1c90e404d664 into model nwt
I0218 21:29:37.030493 12700 cuckoo_watch.h:45] 36ms in ProcessBatch(lectures_batches\aaaaaa.batch) [including 2ms in LoadMessage; 0ms in InitializeTheta; 0ms in CreateRegularizerAgents; 1ms in InitializeSparseNdw; 19ms in InferThetaAndUpdateNwtSparse; 12ms in CalculateScore(^^^ItemsProcessedScore^^^); ]
I0218 21:29:37.042491 12700 processor.cc:158] Processor: start processing batch d927b6d1-072f-4830-b64a-247320a78cbb into model nwt
I0218 21:29:37.066493 19652 processor.cc:285] Processor: complete processing batch 0731f616-ed7e-4805-8ee5-5fa73f961506 into model nwt
I0218 21:29:37.066493  3308 processor.cc:285] Processor: complete processing batch 6dc1935e-a219-43ee-8266-9e51cb1ef5d1 into model nwt
I0218 21:29:37.067492 19652 cuckoo_watch.h:45] 71ms in ProcessBatch(lectures_batches\aaaaae.batch) [including 8ms in LoadMessage; 0ms in InitializeTheta; 0ms in CreateRegularizerAgents; 2ms in InitializeSparseNdw; 30ms in InferThetaAndUpdateNwtSparse; 28ms in CalculateScore(^^^ItemsProcessedScore^^^); ]
I0218 21:29:37.068491  3308 cuckoo_watch.h:45] 72ms in ProcessBatch(lectures_batches\aaaaab.batch) [including 7ms in LoadMessage; 0ms in InitializeTheta; 0ms in CreateRegularizerAgents; 5ms in InitializeSparseNdw; 29ms in InferThetaAndUpdateNwtSparse; 27ms in CalculateScore(^^^ItemsProcessedScore^^^); ]
I0218 21:29:37.081493  7676 processor.cc:285] Processor: complete processing batch 08f895e3-ed89-4715-a37c-f0025c1abf0c into model nwt
I0218 21:29:37.083492  7676 cuckoo_watch.h:45] 87ms in ProcessBatch(lectures_batches\aaaaad.batch) [including 8ms in LoadMessage; 0ms in InitializeTheta; 0ms in CreateRegularizerAgents; 2ms in InitializeSparseNdw; 33ms in InferThetaAndUpdateNwtSparse; 39ms in CalculateScore(^^^ItemsProcessedScore^^^); ]
I0218 21:29:37.083492 19652 processor.cc:158] Processor: start processing batch 3112671c-35c0-4362-96eb-2d31b96ce6f1 into model nwt
I0218 21:29:37.096493  3308 processor.cc:158] Processor: start processing batch 839f3d3c-dede-4ec4-84d5-178d8798246a into model nwt
I0218 21:29:37.101491  6644 processor.cc:285] Processor: complete processing batch 68be2099-bcff-49dd-9e51-cb8977d7d933 into model nwt
I0218 21:29:37.103492  6644 cuckoo_watch.h:45] 106ms in ProcessBatch(lectures_batches\aaaaac.batch) [including 8ms in LoadMessage; 0ms in InitializeTheta; 0ms in CreateRegularizerAgents; 16ms in InitializeSparseNdw; 40ms in InferThetaAndUpdateNwtSparse; 39ms in CalculateScore(^^^ItemsProcessedScore^^^); ]
I0218 21:29:37.105492  7908 processor.cc:285] Processor: complete processing batch 5ee99325-247b-4e60-95b1-cb4e4c7ce231 into model nwt
I0218 21:29:37.106492  7908 cuckoo_watch.h:45] 107ms in ProcessBatch(lectures_batches\aaaaaf.batch) [including 13ms in LoadMessage; 0ms in InitializeTheta; 0ms in CreateRegularizerAgents; 3ms in InitializeSparseNdw; 46ms in InferThetaAndUpdateNwtSparse; 42ms in CalculateScore(^^^ItemsProcessedScore^^^); ]
I0218 21:29:37.109493  7676 processor.cc:158] Processor: start processing batch 62724c45-2226-400f-bfaf-e4350d10f3ef into model nwt
I0218 21:29:37.123493 17128 processor.cc:285] Processor: complete processing batch a0098ae1-fcc5-41bb-b79d-07163e099f56 into model nwt
I0218 21:29:37.125492 17128 cuckoo_watch.h:45] 123ms in ProcessBatch(lectures_batches\aaaaah.batch) [including 9ms in LoadMessage; 0ms in InitializeTheta; 0ms in CreateRegularizerAgents; 3ms in InitializeSparseNdw; 55ms in InferThetaAndUpdateNwtSparse; 52ms in CalculateScore(^^^ItemsProcessedScore^^^); ]
I0218 21:29:37.128401  6644 processor.cc:158] Processor: start processing batch 50229bd5-e639-4c31-ad04-43e86b993355 into model nwt
I0218 21:29:37.135640  7908 processor.cc:158] Processor: start processing batch 6c129db2-c17c-4da4-b663-915bdd64cfb9 into model nwt
I0218 21:29:37.135640  5732 processor.cc:285] Processor: complete processing batch 00bd29b2-18e4-427b-91b3-dab10c42e519 into model nwt
I0218 21:29:37.137399 12700 processor.cc:285] Processor: complete processing batch d927b6d1-072f-4830-b64a-247320a78cbb into model nwt
I0218 21:29:37.138401 12700 cuckoo_watch.h:45] 108ms in ProcessBatch(lectures_batches\aaaaai.batch) [including 12ms in LoadMessage; 0ms in InitializeTheta; 0ms in CreateRegularizerAgents; 2ms in InitializeSparseNdw; 46ms in InferThetaAndUpdateNwtSparse; 44ms in CalculateScore(^^^ItemsProcessedScore^^^); ]
I0218 21:29:37.141400 17128 processor.cc:158] Processor: start processing batch 53a178eb-65d7-4fc8-9b38-088497377b96 into model nwt
I0218 21:29:37.149401  5732 cuckoo_watch.h:45] 149ms in ProcessBatch(lectures_batches\aaaaag.batch) [including 11ms in LoadMessage; 0ms in InitializeTheta; 0ms in CreateRegularizerAgents; 5ms in InitializeSparseNdw; 63ms in InferThetaAndUpdateNwtSparse; 54ms in CalculateScore(^^^ItemsProcessedScore^^^); ]
I0218 21:29:37.155401  5732 processor.cc:158] Processor: start processing batch a094f37c-cf08-4435-8eca-35fc1def8742 into model nwt
I0218 21:29:37.156401 12700 processor.cc:158] Processor: start processing batch 16e6c315-476c-4cd4-9b7a-c7c417da389f into model nwt
I0218 21:29:37.206401  5732 processor.cc:285] Processor: complete processing batch a094f37c-cf08-4435-8eca-35fc1def8742 into model nwt
